Archive member included to satisfy reference by file (symbol)

library.a(initialize.o)       obj/Lab6A-Main-c.o (ClearDisplay)
library.a(stm32f429i_discovery.o)
                              library.a(initialize.o) (BSP_PB_Init)
library.a(stm32f429i_discovery_lcd.o)
                              library.a(initialize.o) (BSP_LCD_LayerDefaultInit)
library.a(stm32f429i_discovery_sdram.o)
                              library.a(stm32f429i_discovery_lcd.o) (BSP_SDRAM_Init)
library.a(stm32f4xx_hal.o)    library.a(initialize.o) (HAL_Init)
library.a(stm32f4xx_hal_cortex.o)
                              library.a(stm32f4xx_hal.o) (HAL_NVIC_SetPriorityGrouping)
library.a(stm32f4xx_hal_dma.o)
                              library.a(stm32f429i_discovery_sdram.o) (HAL_DMA_Init)
library.a(stm32f4xx_hal_dma2d.o)
                              library.a(stm32f429i_discovery_lcd.o) (HAL_DMA2D_Init)
library.a(stm32f4xx_hal_gpio.o)
                              library.a(stm32f429i_discovery.o) (HAL_GPIO_Init)
library.a(stm32f4xx_hal_i2c.o)
                              library.a(stm32f429i_discovery.o) (HAL_I2C_Init)
library.a(stm32f4xx_hal_ltdc.o)
                              library.a(stm32f429i_discovery_lcd.o) (HAL_LTDC_Init)
library.a(stm32f4xx_hal_rcc.o)
                              library.a(initialize.o) (HAL_RCC_OscConfig)
library.a(stm32f4xx_hal_rcc_ex.o)
                              library.a(stm32f429i_discovery_lcd.o) (HAL_RCCEx_PeriphCLKConfig)
library.a(stm32f4xx_hal_sdram.o)
                              library.a(stm32f429i_discovery_sdram.o) (HAL_SDRAM_Init)
library.a(stm32f4xx_hal_spi.o)
                              library.a(stm32f429i_discovery.o) (HAL_SPI_Init)
library.a(stm32f4xx_it.o)     library.a(initialize.o) (IncludeThis)
library.a(stm32f4xx_ll_fmc.o)
                              library.a(stm32f4xx_hal_sdram.o) (FMC_SDRAM_Init)
library.a(svcHandler.o)       library.a(stm32f4xx_it.o) (SVC_Exception)
library.a(system_stm32f4xx.o)
                              library.a(stm32f4xx_hal_rcc.o) (SystemCoreClock)
library.a(touch.o)            obj/Lab6A-Main-c.o (TS_Init)
library.a(startup_stm32f429xx.o)
                              library.a(initialize.o) (Reset_Handler)
library.a(ili9341.o)          library.a(stm32f429i_discovery_lcd.o) (ili9341_drv)
library.a(stm32f429i_discovery_ts.o)
                              library.a(touch.o) (BSP_TS_Init)
library.a(stmpe811.o)         library.a(stm32f429i_discovery_ts.o) (stmpe811_ts_drv)
y:/coen20/gcc/bin/../lib/gcc/arm-none-eabi/9.3.1/../../../../arm-none-eabi/lib/thumb/v7e-m+fp/hard\libm.a(lib_a-sf_cos.o)
                              obj/Lab6A-Main-c.o (cosf)
y:/coen20/gcc/bin/../lib/gcc/arm-none-eabi/9.3.1/../../../../arm-none-eabi/lib/thumb/v7e-m+fp/hard\libm.a(lib_a-sf_sin.o)
                              obj/Lab6A-Main-c.o (sinf)
y:/coen20/gcc/bin/../lib/gcc/arm-none-eabi/9.3.1/../../../../arm-none-eabi/lib/thumb/v7e-m+fp/hard\libm.a(lib_a-ef_rem_pio2.o)
                              y:/coen20/gcc/bin/../lib/gcc/arm-none-eabi/9.3.1/../../../../arm-none-eabi/lib/thumb/v7e-m+fp/hard\libm.a(lib_a-sf_cos.o) (__ieee754_rem_pio2f)
y:/coen20/gcc/bin/../lib/gcc/arm-none-eabi/9.3.1/../../../../arm-none-eabi/lib/thumb/v7e-m+fp/hard\libm.a(lib_a-kf_cos.o)
                              y:/coen20/gcc/bin/../lib/gcc/arm-none-eabi/9.3.1/../../../../arm-none-eabi/lib/thumb/v7e-m+fp/hard\libm.a(lib_a-sf_cos.o) (__kernel_cosf)
y:/coen20/gcc/bin/../lib/gcc/arm-none-eabi/9.3.1/../../../../arm-none-eabi/lib/thumb/v7e-m+fp/hard\libm.a(lib_a-kf_rem_pio2.o)
                              y:/coen20/gcc/bin/../lib/gcc/arm-none-eabi/9.3.1/../../../../arm-none-eabi/lib/thumb/v7e-m+fp/hard\libm.a(lib_a-ef_rem_pio2.o) (__kernel_rem_pio2f)
y:/coen20/gcc/bin/../lib/gcc/arm-none-eabi/9.3.1/../../../../arm-none-eabi/lib/thumb/v7e-m+fp/hard\libm.a(lib_a-kf_sin.o)
                              y:/coen20/gcc/bin/../lib/gcc/arm-none-eabi/9.3.1/../../../../arm-none-eabi/lib/thumb/v7e-m+fp/hard\libm.a(lib_a-sf_cos.o) (__kernel_sinf)
y:/coen20/gcc/bin/../lib/gcc/arm-none-eabi/9.3.1/../../../../arm-none-eabi/lib/thumb/v7e-m+fp/hard\libm.a(lib_a-sf_fabs.o)
                              y:/coen20/gcc/bin/../lib/gcc/arm-none-eabi/9.3.1/../../../../arm-none-eabi/lib/thumb/v7e-m+fp/hard\libm.a(lib_a-ef_rem_pio2.o) (fabsf)
y:/coen20/gcc/bin/../lib/gcc/arm-none-eabi/9.3.1/../../../../arm-none-eabi/lib/thumb/v7e-m+fp/hard\libm.a(lib_a-sf_floor.o)
                              y:/coen20/gcc/bin/../lib/gcc/arm-none-eabi/9.3.1/../../../../arm-none-eabi/lib/thumb/v7e-m+fp/hard\libm.a(lib_a-kf_rem_pio2.o) (floorf)
y:/coen20/gcc/bin/../lib/gcc/arm-none-eabi/9.3.1/../../../../arm-none-eabi/lib/thumb/v7e-m+fp/hard\libm.a(lib_a-sf_scalbn.o)
                              y:/coen20/gcc/bin/../lib/gcc/arm-none-eabi/9.3.1/../../../../arm-none-eabi/lib/thumb/v7e-m+fp/hard\libm.a(lib_a-kf_rem_pio2.o) (scalbnf)
[...]
Memory Configuration

Name             Origin             Length             Attributes
ROM              0x08000000         0x00200000         xr
RAM              0x20000000         0x00030000         xrw
CCM              0x10000000         0x00010000         xrw
*default*        0x00000000         0xffffffff

Linker script and memory map

LOAD y:/coen20/gcc/bin/../lib/gcc/arm-none-eabi/9.3.1/thumb/v7e-m+fp/hard/crti.o
LOAD y:/coen20/gcc/bin/../lib/gcc/arm-none-eabi/9.3.1/thumb/v7e-m+fp/hard/crtbegin.o
LOAD y:/coen20/gcc/bin/../lib/gcc/arm-none-eabi/9.3.1/../../../../arm-none-eabi/lib/thumb/v7e-m+fp/hard/crt0.o
LOAD obj/Lab6A-Main-c.o
LOAD obj/Lab6A-SpinningCube-s.o
LOAD library.a
LOAD library.a
LOAD y:/coen20/gcc/bin/../lib/gcc/arm-none-eabi/9.3.1/../../../../arm-none-eabi/lib/thumb/v7e-m+fp/hard\libm.a
LOAD y:/coen20/gcc/bin/../lib/gcc/arm-none-eabi/9.3.1/../../../../arm-none-eabi/lib/thumb/v7e-m+fp/hard\libc.a
LOAD y:/coen20/gcc/bin/../lib/gcc/arm-none-eabi/9.3.1/../../../../arm-none-eabi/lib/thumb/v7e-m+fp/hard\libnosys.a
LOAD y:/coen20/gcc/bin/../lib/gcc/arm-none-eabi/9.3.1/../../../../arm-none-eabi/lib/thumb/v7e-m+fp/hard\libc.a
START GROUP
LOAD y:/coen20/gcc/bin/../lib/gcc/arm-none-eabi/9.3.1/thumb/v7e-m+fp/hard\libgcc.a
LOAD y:/coen20/gcc/bin/../lib/gcc/arm-none-eabi/9.3.1/../../../../arm-none-eabi/lib/thumb/v7e-m+fp/hard\libc.a
END GROUP
LOAD y:/coen20/gcc/bin/../lib/gcc/arm-none-eabi/9.3.1/thumb/v7e-m+fp/hard/crtend.o
LOAD y:/coen20/gcc/bin/../lib/gcc/arm-none-eabi/9.3.1/thumb/v7e-m+fp/hard/crtn.o

.text           0x08000000    0x1196c
 *(.isr_vector)
 .isr_vector    0x08000000      0x1ac library.a(startup_stm32f429xx.o)
                0x08000000                __isr_vector
 *(.text*)
 .text          0x080001ac       0x40 y:/coen20/gcc/bin/../lib/gcc/arm-none-eabi/9.3.1/thumb/v7e-m+fp/hard/crtbegin.o
 .text          0x080001ec       0x7c y:/coen20/gcc/bin/../lib/gcc/arm-none-eabi/9.3.1/../../../../arm-none-eabi/lib/thumb/v7e-m+fp/hard/crt0.o
                0x080001ec                _stack_init
                0x080001f4                _start
                0x080001f4                _mainCRTStartup
 .text.startup.main
                0x08000268      0x618 obj/Lab6A-Main-c.o
                0x08000268                main
 .text.BtmFlatTriangle
                0x08000880       0xf4 obj/Lab6A-Main-c.o
 .text.TopFlatTriangle
                0x08000974       0xf8 obj/Lab6A-Main-c.o
 .text.Compare  0x08000a6c        0x8 obj/Lab6A-Main-c.o
 .text.PaintTriangle
                0x08000a74      0x14c obj/Lab6A-Main-c.o
 .text.RotateAboutZAxis
                0x08000bc0       0x74 obj/Lab6A-Main-c.o
 .text.RotateAboutYAxis
                0x08000c34       0x74 obj/Lab6A-Main-c.o
 .text.RotateAboutXAxis
                0x08000ca8       0x74 obj/Lab6A-Main-c.o
 .text.ChromArtInitialize
                0x08000d1c       0x7c obj/Lab6A-Main-c.o
 .text.SanityCheck
                0x08000d98      0x150 obj/Lab6A-Main-c.o
 .text.Error    0x08000ee8       0xe8 obj/Lab6A-Main-c.o
 .text.InitializeTouchScreen
                0x08000fd0       0x30 obj/Lab6A-Main-c.o
 .text.DisplaySpeed
                0x08001000       0x70 obj/Lab6A-Main-c.o
 .text.InitSlider
                0x08001070       0x88 obj/Lab6A-Main-c.o
 .text.UpdateSlider
                0x080010f8      0x108 obj/Lab6A-Main-c.o
 .text.PutStringAt
                0x08001200       0x30 obj/Lab6A-Main-c.o
 .text.MultAndAdd
                0x08001230       0x40 obj/Lab6A-Main-c.o
                0x08001230                MultAndAdd
 .text          0x08001270       0x70 obj/Lab6A-SpinningCube-s.o
                0x08001270                MatrixMultiply
 .text.TextRows
                0x080012e0       0x12 library.a(initialize.o)
 .text._close   0x080012f2        0x2 library.a(initialize.o)
                0x080012f2                _close
 .text._fstat   0x080012f4        0x2 library.a(initialize.o)
                0x080012f4                _fstat
 .text._getpid  0x080012f6        0x2 library.a(initialize.o)
                0x080012f6                _getpid
 .text._isatty  0x080012f8        0x2 library.a(initialize.o)
                0x080012f8                _isatty
 .text._kill    0x080012fa        0x2 library.a(initialize.o)
                0x080012fa                _kill
 .text._lseek   0x080012fc        0x2 library.a(initialize.o)
                0x080012fc                _lseek
 .text._read    0x080012fe        0x2 library.a(initialize.o)
                0x080012fe                _read
 .text.ClearDisplay
                0x08001300       0x34 library.a(initialize.o)
                0x08001300                ClearDisplay
 .text.DisplayHeader
                0x08001334       0x7c library.a(initialize.o)
                0x08001334                DisplayHeader
 .text.DisplayFooter
                0x080013b0       0x58 library.a(initialize.o)
                0x080013b0                DisplayFooter
 .text._write   0x08001408      0x104 library.a(initialize.o)
                0x08001408                _write
 .text.InitializeHardware
                0x0800150c      0x124 library.a(initialize.o)
                0x0800150c                InitializeHardware
 .text.WaitForPushButton
                0x08001630       0x18 library.a(initialize.o)
                0x08001630                WaitForPushButton
 .text.PushButtonPressed
                0x08001648       0x10 library.a(initialize.o)
                0x08001648                PushButtonPressed
 .text.GetClockCycleCount
                0x08001658        0xc library.a(initialize.o)
                0x08001658                GetClockCycleCount
 .text.GetRandomNumber
                0x08001664       0x14 library.a(initialize.o)
                0x08001664                GetRandomNumber
 .text.SPIx_Init
                0x08001678       0x98 library.a(stm32f429i_discovery.o)
 .text.SPIx_Write
                0x08001710       0x30 library.a(stm32f429i_discovery.o)
 .text.I2Cx_Init
                0x08001740       0xe8 library.a(stm32f429i_discovery.o)
 .text.I2Cx_Error
                0x08001828       0x14 library.a(stm32f429i_discovery.o)
 .text.SPIx_WriteRead
                0x0800183c       0x40 library.a(stm32f429i_discovery.o)
 .text.BSP_PB_Init
                0x0800187c       0x70 library.a(stm32f429i_discovery.o)
                0x0800187c                BSP_PB_Init
 .text.BSP_PB_GetState
                0x080018ec       0x14 library.a(stm32f429i_discovery.o)
                0x080018ec                BSP_PB_GetState
 .text.LCD_IO_Init
                0x08001900       0xb0 library.a(stm32f429i_discovery.o)
                0x08001900                LCD_IO_Init
 .text.LCD_IO_WriteData
                0x080019b0       0x38 library.a(stm32f429i_discovery.o)
                0x080019b0                LCD_IO_WriteData
 .text.LCD_IO_WriteReg
                0x080019e8       0x38 library.a(stm32f429i_discovery.o)
                0x080019e8                LCD_IO_WriteReg
 .text.LCD_IO_ReadData
                0x08001a20       0x6c library.a(stm32f429i_discovery.o)
                0x08001a20                LCD_IO_ReadData
 .text.LCD_Delay
                0x08001a8c        0x4 library.a(stm32f429i_discovery.o)
                0x08001a8c                LCD_Delay
 .text.IOE_Init
                0x08001a90        0x4 library.a(stm32f429i_discovery.o)
                0x08001a90                IOE_Init
 .text.IOE_ITConfig
                0x08001a94       0x54 library.a(stm32f429i_discovery.o)
                0x08001a94                IOE_ITConfig
 .text.IOE_Write
                0x08001ae8       0x34 library.a(stm32f429i_discovery.o)
                0x08001ae8                IOE_Write
 .text.IOE_Read
                0x08001b1c       0x3c library.a(stm32f429i_discovery.o)
                0x08001b1c                IOE_Read
 .text.IOE_ReadMultiple
                0x08001b58       0x30 library.a(stm32f429i_discovery.o)
                0x08001b58                IOE_ReadMultiple
 .text.IOE_Delay
                0x08001b88        0x4 library.a(stm32f429i_discovery.o)
                0x08001b88                IOE_Delay
 .text.GYRO_IO_Init
                0x08001b8c       0x6c library.a(stm32f429i_discovery.o)
                0x08001b8c                GYRO_IO_Init
 .text.GYRO_IO_Read
                0x08001bf8       0x48 library.a(stm32f429i_discovery.o)
                0x08001bf8                GYRO_IO_Read
 .text.FillBuffer
                0x08001c40       0x64 library.a(stm32f429i_discovery_lcd.o)
 .text.BSP_LCD_GetXSize
                0x08001ca4       0x10 library.a(stm32f429i_discovery_lcd.o)
                0x08001ca4                BSP_LCD_GetXSize
 .text.BSP_LCD_GetYSize
                0x08001cb4       0x10 library.a(stm32f429i_discovery_lcd.o)
                0x08001cb4                BSP_LCD_GetYSize
 .text.BSP_LCD_LayerDefaultInit
                0x08001cc4       0x7c library.a(stm32f429i_discovery_lcd.o)
                0x08001cc4                BSP_LCD_LayerDefaultInit
 .text.BSP_LCD_SelectLayer
                0x08001d40        0xc library.a(stm32f429i_discovery_lcd.o)
                0x08001d40                BSP_LCD_SelectLayer
 .text.BSP_LCD_GetTextColor
                0x08001d4c       0x18 library.a(stm32f429i_discovery_lcd.o)
                0x08001d4c                BSP_LCD_GetTextColor
 .text.BSP_LCD_GetBackColor
                0x08001d64       0x18 library.a(stm32f429i_discovery_lcd.o)
                0x08001d64                BSP_LCD_GetBackColor
 .text.BSP_LCD_SetTextColor
                0x08001d7c       0x18 library.a(stm32f429i_discovery_lcd.o)
                0x08001d7c                BSP_LCD_SetTextColor
 .text.BSP_LCD_SetBackColor
                0x08001d94       0x18 library.a(stm32f429i_discovery_lcd.o)
                0x08001d94                BSP_LCD_SetBackColor
 .text.BSP_LCD_SetFont
                0x08001dac       0x18 library.a(stm32f429i_discovery_lcd.o)
                0x08001dac                BSP_LCD_SetFont
 .text.BSP_LCD_Init
                0x08001dc4      0x1bc library.a(stm32f429i_discovery_lcd.o)
                0x08001dc4                BSP_LCD_Init
 .text.BSP_LCD_GetFont
                0x08001f80       0x18 library.a(stm32f429i_discovery_lcd.o)
                0x08001f80                BSP_LCD_GetFont
 .text.BSP_LCD_Clear
                0x08001f98       0x40 library.a(stm32f429i_discovery_lcd.o)
                0x08001f98                BSP_LCD_Clear
 .text.BSP_LCD_DrawHLine
                0x08001fd8       0x50 library.a(stm32f429i_discovery_lcd.o)
                0x08001fd8                BSP_LCD_DrawHLine
 .text.BSP_LCD_DrawVLine
                0x08002028       0x5c library.a(stm32f429i_discovery_lcd.o)
                0x08002028                BSP_LCD_DrawVLine
 .text.BSP_LCD_DrawRect
                0x08002084       0x34 library.a(stm32f429i_discovery_lcd.o)
                0x08002084                BSP_LCD_DrawRect
 .text.BSP_LCD_FillRect
                0x080020b8       0x78 library.a(stm32f429i_discovery_lcd.o)
                0x080020b8                BSP_LCD_FillRect
 .text.BSP_LCD_DisplayOn
                0x08002130       0x10 library.a(stm32f429i_discovery_lcd.o)
                0x08002130                BSP_LCD_DisplayOn
 .text.BSP_LCD_DrawPixel
                0x08002140       0x2c library.a(stm32f429i_discovery_lcd.o)
                0x08002140                BSP_LCD_DrawPixel
 .text.BSP_LCD_DisplayChar
                0x0800216c       0xd4 library.a(stm32f429i_discovery_lcd.o)
                0x0800216c                BSP_LCD_DisplayChar
 .text.BSP_LCD_DisplayStringAt
                0x08002240       0x9c library.a(stm32f429i_discovery_lcd.o)
                0x08002240                BSP_LCD_DisplayStringAt
 .text.BSP_SDRAM_Initialization_sequence
                0x080022dc       0x94 library.a(stm32f429i_discovery_sdram.o)
                0x080022dc                BSP_SDRAM_Initialization_sequence
 .text.BSP_SDRAM_Init
                0x08002370      0x1c8 library.a(stm32f429i_discovery_sdram.o)
                0x08002370                BSP_SDRAM_Init
 .text.HAL_MspInit
                0x08002538        0x2 library.a(stm32f4xx_hal.o)
                0x08002538                HAL_MspInit
 .text.HAL_InitTick
                0x0800253a       0x28 library.a(stm32f4xx_hal.o)
                0x0800253a                HAL_InitTick
 *fill*         0x08002562        0x2 
 .text.HAL_Init
                0x08002564       0x34 library.a(stm32f4xx_hal.o)
                0x08002564                HAL_Init
 .text.HAL_IncTick
                0x08002598       0x10 library.a(stm32f4xx_hal.o)
                0x08002598                HAL_IncTick
 .text.HAL_GetTick
                0x080025a8        0xc library.a(stm32f4xx_hal.o)
                0x080025a8                HAL_GetTick
 .text.HAL_Delay
                0x080025b4       0x1a library.a(stm32f4xx_hal.o)
                0x080025b4                HAL_Delay
 *fill*         0x080025ce        0x2 
 .text.HAL_NVIC_SetPriorityGrouping
                0x080025d0       0x24 library.a(stm32f4xx_hal_cortex.o)
                0x080025d0                HAL_NVIC_SetPriorityGrouping
 .text.HAL_NVIC_SetPriority
                0x080025f4       0x64 library.a(stm32f4xx_hal_cortex.o)
                0x080025f4                HAL_NVIC_SetPriority
 .text.HAL_NVIC_EnableIRQ
                0x08002658       0x18 library.a(stm32f4xx_hal_cortex.o)
                0x08002658                HAL_NVIC_EnableIRQ
 .text.HAL_SYSTICK_Config
                0x08002670       0x28 library.a(stm32f4xx_hal_cortex.o)
                0x08002670                HAL_SYSTICK_Config
 .text.HAL_DMA_Init
                0x08002698       0x78 library.a(stm32f4xx_hal_dma.o)
                0x08002698                HAL_DMA_Init
 .text.HAL_DMA_DeInit
                0x08002710      0xacc library.a(stm32f4xx_hal_dma.o)
                0x08002710                HAL_DMA_DeInit
 .text.DMA2D_SetConfig
                0x080031dc       0x80 library.a(stm32f4xx_hal_dma2d.o)
 .text.HAL_DMA2D_MspInit
                0x0800325c        0x2 library.a(stm32f4xx_hal_dma2d.o)
                0x0800325c                HAL_DMA2D_MspInit
 .text.HAL_DMA2D_Init
                0x0800325e       0x5c library.a(stm32f4xx_hal_dma2d.o)
                0x0800325e                HAL_DMA2D_Init
 .text.HAL_DMA2D_Start
                0x080032ba       0x40 library.a(stm32f4xx_hal_dma2d.o)
                0x080032ba                HAL_DMA2D_Start
 .text.HAL_DMA2D_PollForTransfer
                0x080032fa       0xc4 library.a(stm32f4xx_hal_dma2d.o)
                0x080032fa                HAL_DMA2D_PollForTransfer
 *fill*         0x080033be        0x2 
 .text.HAL_DMA2D_ConfigLayer
                0x080033c0       0xdc library.a(stm32f4xx_hal_dma2d.o)
                0x080033c0                HAL_DMA2D_ConfigLayer
 .text.HAL_GPIO_Init
                0x0800349c      0x1d0 library.a(stm32f4xx_hal_gpio.o)
                0x0800349c                HAL_GPIO_Init
 .text.HAL_GPIO_ReadPin
                0x0800366c        0xc library.a(stm32f4xx_hal_gpio.o)
                0x0800366c                HAL_GPIO_ReadPin
 .text.HAL_GPIO_WritePin
                0x08003678        0xa library.a(stm32f4xx_hal_gpio.o)
                0x08003678                HAL_GPIO_WritePin
 .text.I2C_WaitOnMasterAddressFlagUntilTimeout
                0x08003682       0x66 library.a(stm32f4xx_hal_i2c.o)
 .text.I2C_WaitOnFlagUntilTimeout
                0x080036e8       0x90 library.a(stm32f4xx_hal_i2c.o)
 .text.I2C_RequestMemoryWrite
                0x08003778       0x98 library.a(stm32f4xx_hal_i2c.o)
 .text.I2C_RequestMemoryRead
                0x08003810       0xe8 library.a(stm32f4xx_hal_i2c.o)
 .text.HAL_I2C_MspInit
                0x080038f8        0x2 library.a(stm32f4xx_hal_i2c.o)
                0x080038f8                HAL_I2C_MspInit
 *fill*         0x080038fa        0x2 
 .text.HAL_I2C_Init
                0x080038fc       0xe0 library.a(stm32f4xx_hal_i2c.o)
                0x080038fc                HAL_I2C_Init
 .text.HAL_I2C_MspDeInit
                0x080039dc        0x2 library.a(stm32f4xx_hal_i2c.o)
                0x080039dc                HAL_I2C_MspDeInit
 .text.HAL_I2C_DeInit
                0x080039de       0x2c library.a(stm32f4xx_hal_i2c.o)
                0x080039de                HAL_I2C_DeInit
 *fill*         0x08003a0a        0x2 
 .text.HAL_I2C_Mem_Write
                0x08003a0c       0xe8 library.a(stm32f4xx_hal_i2c.o)
                0x08003a0c                HAL_I2C_Mem_Write
 .text.HAL_I2C_Mem_Read
                0x08003af4      0x1bc library.a(stm32f4xx_hal_i2c.o)
                0x08003af4                HAL_I2C_Mem_Read
 .text.HAL_I2C_GetState
                0x08003cb0        0x6 library.a(stm32f4xx_hal_i2c.o)
                0x08003cb0                HAL_I2C_GetState
 *fill*         0x08003cb6        0x2 
 .text.LTDC_SetConfig
                0x08003cb8      0x144 library.a(stm32f4xx_hal_ltdc.o)
 .text.HAL_LTDC_MspInit
                0x08003dfc        0x2 library.a(stm32f4xx_hal_ltdc.o)
                0x08003dfc                HAL_LTDC_MspInit
 *fill*         0x08003dfe        0x2 
 .text.HAL_LTDC_Init
                0x08003e00       0xfc library.a(stm32f4xx_hal_ltdc.o)
                0x08003e00                HAL_LTDC_Init
 .text.HAL_LTDC_ConfigLayer
                0x08003efc       0x5c library.a(stm32f4xx_hal_ltdc.o)
                0x08003efc                HAL_LTDC_ConfigLayer
 .text.HAL_LTDC_EnableDither
                0x08003f58       0x34 library.a(stm32f4xx_hal_ltdc.o)
                0x08003f58                HAL_LTDC_EnableDither
 .text.HAL_RCC_OscConfig
                0x08003f8c      0x330 library.a(stm32f4xx_hal_rcc.o)
                0x08003f8c                HAL_RCC_OscConfig
 .text.HAL_RCC_ClockConfig
                0x080042bc      0x1f8 library.a(stm32f4xx_hal_rcc.o)
                0x080042bc                HAL_RCC_ClockConfig
 .text.HAL_RCC_GetSysClockFreq
                0x080044b4       0x78 library.a(stm32f4xx_hal_rcc.o)
                0x080044b4                HAL_RCC_GetSysClockFreq
 .text.HAL_RCC_GetHCLKFreq
                0x0800452c       0x38 library.a(stm32f4xx_hal_rcc.o)
                0x0800452c                HAL_RCC_GetHCLKFreq
 .text.HAL_RCC_GetPCLK1Freq
                0x08004564       0x30 library.a(stm32f4xx_hal_rcc.o)
                0x08004564                HAL_RCC_GetPCLK1Freq
 .text.HAL_RCCEx_PeriphCLKConfig
                0x08004594      0x2d8 library.a(stm32f4xx_hal_rcc_ex.o)
                0x08004594                HAL_RCCEx_PeriphCLKConfig
 .text.HAL_SDRAM_MspInit
                0x0800486c        0x2 library.a(stm32f4xx_hal_sdram.o)
                0x0800486c                HAL_SDRAM_MspInit
 .text.HAL_SDRAM_Init
                0x0800486e       0x40 library.a(stm32f4xx_hal_sdram.o)
                0x0800486e                HAL_SDRAM_Init
 .text.HAL_SDRAM_SendCommand
                0x080048ae       0x2e library.a(stm32f4xx_hal_sdram.o)
                0x080048ae                HAL_SDRAM_SendCommand
 .text.HAL_SDRAM_ProgramRefreshRate
                0x080048dc       0x24 library.a(stm32f4xx_hal_sdram.o)
                0x080048dc                HAL_SDRAM_ProgramRefreshRate
 .text.SPI_WaitOnFlagUntilTimeout
                0x08004900       0x94 library.a(stm32f4xx_hal_spi.o)
 .text.HAL_SPI_MspInit
                0x08004994        0x2 library.a(stm32f4xx_hal_spi.o)
                0x08004994                HAL_SPI_MspInit
 .text.HAL_SPI_Init
                0x08004996       0x82 library.a(stm32f4xx_hal_spi.o)
                0x08004996                HAL_SPI_Init
 .text.HAL_SPI_MspDeInit
                0x08004a18        0x2 library.a(stm32f4xx_hal_spi.o)
                0x08004a18                HAL_SPI_MspDeInit
 .text.HAL_SPI_DeInit
                0x08004a1a       0x26 library.a(stm32f4xx_hal_spi.o)
                0x08004a1a                HAL_SPI_DeInit
 .text.HAL_SPI_Transmit
                0x08004a40      0x164 library.a(stm32f4xx_hal_spi.o)
                0x08004a40                HAL_SPI_Transmit
 .text.HAL_SPI_TransmitReceive
                0x08004ba4      0x2c2 library.a(stm32f4xx_hal_spi.o)
                0x08004ba4                HAL_SPI_TransmitReceive
 .text.HAL_SPI_Receive
                0x08004e66      0x1d2 library.a(stm32f4xx_hal_spi.o)
                0x08004e66                HAL_SPI_Receive
 .text.HAL_SPI_GetState
                0x08005038        0x6 library.a(stm32f4xx_hal_spi.o)
                0x08005038                HAL_SPI_GetState
 .text.NMI_Handler
                0x0800503e        0x2 library.a(stm32f4xx_it.o)
                0x0800503e                NMI_Handler
 .text.SVC_Handler
                0x08005040       0x20 library.a(stm32f4xx_it.o)
                0x08005040                SVC_Handler
 .text.DebugMon_Handler
                0x08005060        0x2 library.a(stm32f4xx_it.o)
                0x08005060                DebugMon_Handler
 .text.PendSV_Handler
                0x08005062        0x2 library.a(stm32f4xx_it.o)
                0x08005062                PendSV_Handler
 .text.SysTick_Handler
                0x08005064        0x4 library.a(stm32f4xx_it.o)
                0x08005064                SysTick_Handler
 .text.FMC_SDRAM_Init
                0x08005068       0x68 library.a(stm32f4xx_ll_fmc.o)
                0x08005068                FMC_SDRAM_Init
 .text.FMC_SDRAM_Timing_Init
                0x080050d0       0x72 library.a(stm32f4xx_ll_fmc.o)
                0x080050d0                FMC_SDRAM_Timing_Init
 .text.FMC_SDRAM_SendCommand
                0x08005142       0x50 library.a(stm32f4xx_ll_fmc.o)
                0x08005142                FMC_SDRAM_SendCommand
 .text.FMC_SDRAM_ProgramRefreshRate
                0x08005192        0xc library.a(stm32f4xx_ll_fmc.o)
                0x08005192                FMC_SDRAM_ProgramRefreshRate
 *fill*         0x0800519e        0x2 
 .text.SVC_Label
                0x080051a0       0x58 library.a(svcHandler.o)
 .text.Preserve
                0x080051f8       0xa8 library.a(svcHandler.o)
 .text.HardStopHandler
                0x080052a0       0x94 library.a(svcHandler.o)
 .text.F32      0x08005334       0xc0 library.a(svcHandler.o)
 .text.Restore  0x080053f4       0x5c library.a(svcHandler.o)
 .text.FlPtRegs
                0x08005450       0x9c library.a(svcHandler.o)
 .text._MemManageHandler
                0x080054ec       0x10 library.a(svcHandler.o)
                0x080054ec                _MemManageHandler
 .text.MemManage_Handler
                0x080054fc        0xc library.a(svcHandler.o)
                0x080054fc                MemManage_Handler
 .text._BusFault_Handler
                0x08005508       0x10 library.a(svcHandler.o)
                0x08005508                _BusFault_Handler
 .text.BusFault_Handler
                0x08005518        0xc library.a(svcHandler.o)
                0x08005518                BusFault_Handler
 .text._HardFault_Handler
                0x08005524       0x10 library.a(svcHandler.o)
                0x08005524                _HardFault_Handler
 .text.HardFault_Handler
                0x08005534        0xc library.a(svcHandler.o)
                0x08005534                HardFault_Handler
 .text._UsageFault_Handler
                0x08005540       0x5c library.a(svcHandler.o)
                0x08005540                _UsageFault_Handler
 .text.UsageFault_Handler
                0x0800559c        0xc library.a(svcHandler.o)
                0x0800559c                UsageFault_Handler
 .text.SVC_Exception
                0x080055a8       0xd8 library.a(svcHandler.o)
                0x080055a8                SVC_Exception
 .text.SystemInit
                0x08005680       0x4c library.a(system_stm32f4xx.o)
                0x08005680                SystemInit
 .text.TS_Init  0x080056cc       0x2c library.a(touch.o)
                0x080056cc                TS_Init
 .text.TS_Touched
                0x080056f8       0x30 library.a(touch.o)
                0x080056f8                TS_Touched
 .text.TS_GetX  0x08005728        0xc library.a(touch.o)
                0x08005728                TS_GetX
 .text.TS_GetY  0x08005734        0xc library.a(touch.o)
                0x08005734                TS_GetY
 .text          0x08005740      0x118 library.a(startup_stm32f429xx.o)
                0x08005740                Reset_Handler
                0x08005798                Default_Handler
                0x0800579a                WWDG_IRQHandler
                0x0800579c                PVD_IRQHandler
                0x0800579e                TAMP_STAMP_IRQHandler
                0x080057a0                RTC_WKUP_IRQHandler
                0x080057a2                FLASH_IRQHandler
                0x080057a4                RCC_IRQHandler
                0x080057a6                EXTI0_IRQHandler
                0x080057a8                EXTI1_IRQHandler
                0x080057aa                EXTI2_IRQHandler
                0x080057ac                EXTI3_IRQHandler
                0x080057ae                EXTI4_IRQHandler
                0x080057b0                DMA1_Stream0_IRQHandler
                0x080057b2                DMA1_Stream1_IRQHandler
                0x080057b4                DMA1_Stream2_IRQHandler
                0x080057b6                DMA1_Stream3_IRQHandler
                0x080057b8                DMA1_Stream4_IRQHandler
                0x080057ba                DMA1_Stream5_IRQHandler
                0x080057bc                DMA1_Stream6_IRQHandler
                0x080057be                ADC_IRQHandler
                0x080057c0                CAN1_TX_IRQHandler
                0x080057c2                CAN1_RX0_IRQHandler
                0x080057c4                CAN1_RX1_IRQHandler
                0x080057c6                CAN1_SCE_IRQHandler
                0x080057c8                EXTI9_5_IRQHandler
                0x080057ca                TIM1_BRK_TIM9_IRQHandler
                0x080057cc                TIM1_UP_TIM10_IRQHandler
                0x080057ce                TIM1_TRG_COM_TIM11_IRQHandler
                0x080057d0                TIM1_CC_IRQHandler
                0x080057d2                TIM2_IRQHandler
                0x080057d4                TIM3_IRQHandler
                0x080057d6                TIM4_IRQHandler
                0x080057d8                I2C1_EV_IRQHandler
                0x080057da                I2C1_ER_IRQHandler
                0x080057dc                I2C2_EV_IRQHandler
                0x080057de                I2C2_ER_IRQHandler
                0x080057e0                SPI1_IRQHandler
                0x080057e2                SPI2_IRQHandler
                0x080057e4                USART1_IRQHandler
                0x080057e6                USART2_IRQHandler
                0x080057e8                USART3_IRQHandler
                0x080057ea                EXTI15_10_IRQHandler
                0x080057ec                RTC_Alarm_IRQHandler
                0x080057ee                OTG_FS_WKUP_IRQHandler
                0x080057f0                TIM8_BRK_TIM12_IRQHandler
                0x080057f2                TIM8_UP_TIM13_IRQHandler
                0x080057f4                TIM8_TRG_COM_TIM14_IRQHandler
                0x080057f6                TIM8_CC_IRQHandler
                0x080057f8                DMA1_Stream7_IRQHandler
                0x080057fa                FSMC_IRQHandler
                0x080057fc                SDIO_IRQHandler
                0x080057fe                TIM5_IRQHandler
                0x08005800                SPI3_IRQHandler
                0x08005802                UART4_IRQHandler
                0x08005804                UART5_IRQHandler
                0x08005806                TIM6_DAC_IRQHandler
                0x08005808                TIM7_IRQHandler
                0x0800580a                DMA2_Stream0_IRQHandler
                0x0800580c                DMA2_Stream1_IRQHandler
                0x0800580e                DMA2_Stream2_IRQHandler
                0x08005810                DMA2_Stream3_IRQHandler
                0x08005812                DMA2_Stream4_IRQHandler
                0x08005814                ETH_IRQHandler
                0x08005816                ETH_WKUP_IRQHandler
                0x08005818                CAN2_TX_IRQHandler
                0x0800581a                CAN2_RX0_IRQHandler
                0x0800581c                CAN2_RX1_IRQHandler
                0x0800581e                CAN2_SCE_IRQHandler
                0x08005820                OTG_FS_IRQHandler
                0x08005822                DMA2_Stream5_IRQHandler
                0x08005824                DMA2_Stream6_IRQHandler
                0x08005826                DMA2_Stream7_IRQHandler
                0x08005828                USART6_IRQHandler
                0x0800582a                I2C3_EV_IRQHandler
                0x0800582c                I2C3_ER_IRQHandler
                0x0800582e                OTG_HS_EP1_OUT_IRQHandler
                0x08005830                OTG_HS_EP1_IN_IRQHandler
                0x08005832                OTG_HS_WKUP_IRQHandler
                0x08005834                OTG_HS_IRQHandler
                0x08005836                DCMI_IRQHandler
                0x08005838                CRYP_IRQHandler
                0x0800583a                HASH_RNG_IRQHandler
                0x0800583c                FPU_IRQHandler
                0x0800583e                UART7_IRQHandler
                0x08005840                UART8_IRQHandler
                0x08005842                SPI4_IRQHandler
                0x08005844                SPI5_IRQHandler
                0x08005846                SPI6_IRQHandler
                0x08005848                SAI1_IRQHandler
                0x0800584a                LTDC_IRQHandler
                0x0800584c                LTDC_ER_IRQHandler
                0x0800584e                DMA2D_IRQHandler
 .text.ili9341_GetLcdPixelWidth
                0x08005858        0x4 library.a(ili9341.o)
                0x08005858                ili9341_GetLcdPixelWidth
 .text.ili9341_GetLcdPixelHeight
                0x0800585c        0x6 library.a(ili9341.o)
                0x0800585c                ili9341_GetLcdPixelHeight
 .text.ili9341_DisplayOn
                0x08005862        0x6 library.a(ili9341.o)
                0x08005862                ili9341_DisplayOn
 .text.ili9341_DisplayOff
                0x08005868        0x6 library.a(ili9341.o)
                0x08005868                ili9341_DisplayOff
 .text.ili9341_Init
                0x0800586e      0x292 library.a(ili9341.o)
                0x0800586e                ili9341_Init
 .text.ili9341_ReadID
                0x08005b00       0x12 library.a(ili9341.o)
                0x08005b00                ili9341_ReadID
 *fill*         0x08005b12        0x2 
 .text.BSP_TS_Init
                0x08005b14       0x44 library.a(stm32f429i_discovery_ts.o)
                0x08005b14                BSP_TS_Init
 .text.BSP_TS_GetState
                0x08005b58      0x138 library.a(stm32f429i_discovery_ts.o)
                0x08005b58                BSP_TS_GetState
 .text.stmpe811_Reset
                0x08005c90       0x28 library.a(stmpe811.o)
                0x08005c90                stmpe811_Reset
 .text.stmpe811_ReadID
                0x08005cb8       0x24 library.a(stmpe811.o)
                0x08005cb8                stmpe811_ReadID
 .text.stmpe811_TS_DetectTouch
                0x08005cdc       0x38 library.a(stmpe811.o)
                0x08005cdc                stmpe811_TS_DetectTouch
 .text.stmpe811_TS_GetXY
                0x08005d14       0x3c library.a(stmpe811.o)
                0x08005d14                stmpe811_TS_GetXY
 .text.stmpe811_Init
                0x08005d50       0x30 library.a(stmpe811.o)
                0x08005d50                stmpe811_Init
 .text.stmpe811_EnableGlobalIT
                0x08005d80       0x1e library.a(stmpe811.o)
                0x08005d80                stmpe811_EnableGlobalIT
 .text.stmpe811_DisableGlobalIT
                0x08005d9e       0x1c library.a(stmpe811.o)
                0x08005d9e                stmpe811_DisableGlobalIT
 .text.stmpe811_EnableITSource
                0x08005dba       0x20 library.a(stmpe811.o)
                0x08005dba                stmpe811_EnableITSource
 .text.stmpe811_TS_EnableIT
                0x08005dda       0x1c library.a(stmpe811.o)
                0x08005dda                stmpe811_TS_EnableIT
 .text.stmpe811_DisableITSource
                0x08005df6       0x20 library.a(stmpe811.o)
                0x08005df6                stmpe811_DisableITSource
 .text.stmpe811_TS_DisableIT
                0x08005e16       0x14 library.a(stmpe811.o)
                0x08005e16                stmpe811_TS_DisableIT
 .text.stmpe811_ReadGITStatus
                0x08005e2a       0x10 library.a(stmpe811.o)
                0x08005e2a                stmpe811_ReadGITStatus
 .text.stmpe811_TS_ITStatus
                0x08005e3a        0x6 library.a(stmpe811.o)
                0x08005e3a                stmpe811_TS_ITStatus
 .text.stmpe811_ClearGlobalIT
                0x08005e40        0xa library.a(stmpe811.o)
                0x08005e40                stmpe811_ClearGlobalIT
 .text.stmpe811_TS_ClearIT
                0x08005e4a        0x6 library.a(stmpe811.o)
                0x08005e4a                stmpe811_TS_ClearIT
 .text.stmpe811_IO_EnableAF
                0x08005e50       0x20 library.a(stmpe811.o)
                0x08005e50                stmpe811_IO_EnableAF
 .text.stmpe811_TS_Start
                0x08005e70       0xa4 library.a(stmpe811.o)
                0x08005e70                stmpe811_TS_Start
 .text.cosf     0x08005f14       0x90 y:/coen20/gcc/bin/../lib/gcc/arm-none-eabi/9.3.1/../../../../arm-none-eabi/lib/thumb/v7e-m+fp/hard\libm.a(lib_a-sf_cos.o)
                0x08005f14                cosf
 .text.sinf     0x08005fa4       0x94 y:/coen20/gcc/bin/../lib/gcc/arm-none-eabi/9.3.1/../../../../arm-none-eabi/lib/thumb/v7e-m+fp/hard\libm.a(lib_a-sf_sin.o)
                0x08005fa4                sinf
 .text.__ieee754_rem_pio2f
                0x08006038      0x294 y:/coen20/gcc/bin/../lib/gcc/arm-none-eabi/9.3.1/../../../../arm-none-eabi/lib/thumb/v7e-m+fp/hard\libm.a(lib_a-ef_rem_pio2.o)
                0x08006038                __ieee754_rem_pio2f
 .text.__kernel_cosf
                0x080062cc      0x104 y:/coen20/gcc/bin/../lib/gcc/arm-none-eabi/9.3.1/../../../../arm-none-eabi/lib/thumb/v7e-m+fp/hard\libm.a(lib_a-kf_cos.o)
                0x080062cc                __kernel_cosf
 .text.__kernel_rem_pio2f
                0x080063d0      0x66c y:/coen20/gcc/bin/../lib/gcc/arm-none-eabi/9.3.1/../../../../arm-none-eabi/lib/thumb/v7e-m+fp/hard\libm.a(lib_a-kf_rem_pio2.o)
                0x080063d0                __kernel_rem_pio2f
 .text.__kernel_sinf
                0x08006a3c       0x90 y:/coen20/gcc/bin/../lib/gcc/arm-none-eabi/9.3.1/../../../../arm-none-eabi/lib/thumb/v7e-m+fp/hard\libm.a(lib_a-kf_sin.o)
                0x08006a3c                __kernel_sinf
 .text.fabsf    0x08006acc       0x10 y:/coen20/gcc/bin/../lib/gcc/arm-none-eabi/9.3.1/../../../../arm-none-eabi/lib/thumb/v7e-m+fp/hard\libm.a(lib_a-sf_fabs.o)
                0x08006acc                fabsf
 .text.floorf   0x08006adc       0x8c y:/coen20/gcc/bin/../lib/gcc/arm-none-eabi/9.3.1/../../../../arm-none-eabi/lib/thumb/v7e-m+fp/hard\libm.a(lib_a-sf_floor.o)
                0x08006adc                floorf
 .text.scalbnf  0x08006b68       0xe4 y:/coen20/gcc/bin/../lib/gcc/arm-none-eabi/9.3.1/../../../../arm-none-eabi/lib/thumb/v7e-m+fp/hard\libm.a(lib_a-sf_scalbn.o)
                0x08006b68                scalbnf
 .text.exit     0x08006c4c       0x20 y:/coen20/gcc/bin/../lib/gcc/arm-none-eabi/9.3.1/../../../../arm-none-eabi/lib/thumb/v7e-m+fp/hard\libc.a(lib_a-exit.o)
                0x08006c4c                exit
 .text.__libc_init_array
                0x08006c6c       0x48 y:/coen20/gcc/bin/../lib/gcc/arm-none-eabi/9.3.1/../../../../arm-none-eabi/lib/thumb/v7e-m+fp/hard\libc.a(lib_a-init.o)
                0x08006c6c                __libc_init_array
 .text          0x08006cb4      0x134 y:/coen20/gcc/bin/../lib/gcc/arm-none-eabi/9.3.1/../../../../arm-none-eabi/lib/thumb/v7e-m+fp/hard\libc.a(lib_a-memcpy.o)
                0x08006cb4                memcpy
 .text.memset   0x08006de8       0xa0 y:/coen20/gcc/bin/../lib/gcc/arm-none-eabi/9.3.1/../../../../arm-none-eabi/lib/thumb/v7e-m+fp/hard\libc.a(lib_a-memset.o)
                0x08006de8                memset
 .text.qsort    0x08006e88      0x648 y:/coen20/gcc/bin/../lib/gcc/arm-none-eabi/9.3.1/../../../../arm-none-eabi/lib/thumb/v7e-m+fp/hard\libc.a(lib_a-qsort.o)
                0x08006e88                qsort
 .text.sprintf  0x080074d0       0x44 y:/coen20/gcc/bin/../lib/gcc/arm-none-eabi/9.3.1/../../../../arm-none-eabi/lib/thumb/v7e-m+fp/hard\libc.a(lib_a-sprintf.o)
                0x080074d0                sprintf
 .text.strcpy   0x08007514       0xbc y:/coen20/gcc/bin/../lib/gcc/arm-none-eabi/9.3.1/../../../../arm-none-eabi/lib/thumb/v7e-m+fp/hard\libc.a(lib_a-strcpy.o)
                0x08007514                strcpy
 *fill*         0x080075d0       0x30 
 .text          0x08007600       0xdc y:/coen20/gcc/bin/../lib/gcc/arm-none-eabi/9.3.1/../../../../arm-none-eabi/lib/thumb/v7e-m+fp/hard\libc.a(lib_a-strlen.o)
                0x08007600                strlen
 *fill*         0x080076dc        0x4 
 .text._svfprintf_r
                0x080076e0     0x1b38 y:/coen20/gcc/bin/../lib/gcc/arm-none-eabi/9.3.1/../../../../arm-none-eabi/lib/thumb/v7e-m+fp/hard\libc.a(lib_a-svfprintf.o)
                0x080076e0                _svfprintf_r
 .text._vsprintf_r
                0x08009218       0x28 y:/coen20/gcc/bin/../lib/gcc/arm-none-eabi/9.3.1/../../../../arm-none-eabi/lib/thumb/v7e-m+fp/hard\libc.a(lib_a-vsprintf.o)
                0x08009218                _vsprintf_r
 .text.vsprintf
                0x08009240       0x18 y:/coen20/gcc/bin/../lib/gcc/arm-none-eabi/9.3.1/../../../../arm-none-eabi/lib/thumb/v7e-m+fp/hard\libc.a(lib_a-vsprintf.o)
                0x08009240                vsprintf
 .text.__swsetup_r
                0x08009258       0xd0 y:/coen20/gcc/bin/../lib/gcc/arm-none-eabi/9.3.1/../../../../arm-none-eabi/lib/thumb/v7e-m+fp/hard\libc.a(lib_a-wsetup.o)
                0x08009258                __swsetup_r
 .text.startup.register_fini
                0x08009328       0x14 y:/coen20/gcc/bin/../lib/gcc/arm-none-eabi/9.3.1/../../../../arm-none-eabi/lib/thumb/v7e-m+fp/hard\libc.a(lib_a-__call_atexit.o)
 .text.__call_exitprocs
                0x0800933c       0xcc y:/coen20/gcc/bin/../lib/gcc/arm-none-eabi/9.3.1/../../../../arm-none-eabi/lib/thumb/v7e-m+fp/hard\libc.a(lib_a-__call_atexit.o)
                0x0800933c                __call_exitprocs
 .text.atexit   0x08009408        0xc y:/coen20/gcc/bin/../lib/gcc/arm-none-eabi/9.3.1/../../../../arm-none-eabi/lib/thumb/v7e-m+fp/hard\libc.a(lib_a-atexit.o)
                0x08009408                atexit
 .text.quorem   0x08009414      0x11c y:/coen20/gcc/bin/../lib/gcc/arm-none-eabi/9.3.1/../../../../arm-none-eabi/lib/thumb/v7e-m+fp/hard\libc.a(lib_a-dtoa.o)
 .text._dtoa_r  0x08009530      0xf44 y:/coen20/gcc/bin/../lib/gcc/arm-none-eabi/9.3.1/../../../../arm-none-eabi/lib/thumb/v7e-m+fp/hard\libc.a(lib_a-dtoa.o)
                0x08009530                _dtoa_r
 .text.__sflush_r
                0x0800a474      0x130 y:/coen20/gcc/bin/../lib/gcc/arm-none-eabi/9.3.1/../../../../arm-none-eabi/lib/thumb/v7e-m+fp/hard\libc.a(lib_a-fflush.o)
                0x0800a474                __sflush_r
 .text._fflush_r
                0x0800a5a4       0x5c y:/coen20/gcc/bin/../lib/gcc/arm-none-eabi/9.3.1/../../../../arm-none-eabi/lib/thumb/v7e-m+fp/hard\libc.a(lib_a-fflush.o)
                0x0800a5a4                _fflush_r
 .text.std      0x0800a600       0x50 y:/coen20/gcc/bin/../lib/gcc/arm-none-eabi/9.3.1/../../../../arm-none-eabi/lib/thumb/v7e-m+fp/hard\libc.a(lib_a-findfp.o)
 .text._cleanup_r
                0x0800a650        0xc y:/coen20/gcc/bin/../lib/gcc/arm-none-eabi/9.3.1/../../../../arm-none-eabi/lib/thumb/v7e-m+fp/hard\libc.a(lib_a-findfp.o)
                0x0800a650                _cleanup_r
 .text.__sinit  0x0800a65c       0x54 y:/coen20/gcc/bin/../lib/gcc/arm-none-eabi/9.3.1/../../../../arm-none-eabi/lib/thumb/v7e-m+fp/hard\libc.a(lib_a-findfp.o)
                0x0800a65c                __sinit
 .text.__sfp_lock_acquire
                0x0800a6b0        0xc y:/coen20/gcc/bin/../lib/gcc/arm-none-eabi/9.3.1/../../../../arm-none-eabi/lib/thumb/v7e-m+fp/hard\libc.a(lib_a-findfp.o)
                0x0800a6b0                __sfp_lock_acquire
 .text.__sfp_lock_release
                0x0800a6bc        0xc y:/coen20/gcc/bin/../lib/gcc/arm-none-eabi/9.3.1/../../../../arm-none-eabi/lib/thumb/v7e-m+fp/hard\libc.a(lib_a-findfp.o)
                0x0800a6bc                __sfp_lock_release
 .text.__libc_fini_array
                0x0800a6c8       0x2c y:/coen20/gcc/bin/../lib/gcc/arm-none-eabi/9.3.1/../../../../arm-none-eabi/lib/thumb/v7e-m+fp/hard\libc.a(lib_a-fini.o)
                0x0800a6c8                __libc_fini_array
 .text._malloc_trim_r
                0x0800a6f4       0xa0 y:/coen20/gcc/bin/../lib/gcc/arm-none-eabi/9.3.1/../../../../arm-none-eabi/lib/thumb/v7e-m+fp/hard\libc.a(lib_a-freer.o)
                0x0800a6f4                _malloc_trim_r
 .text._free_r  0x0800a794      0x208 y:/coen20/gcc/bin/../lib/gcc/arm-none-eabi/9.3.1/../../../../arm-none-eabi/lib/thumb/v7e-m+fp/hard\libc.a(lib_a-freer.o)
                0x0800a794                _free_r
 .text._fwalk_reent
                0x0800a99c       0x48 y:/coen20/gcc/bin/../lib/gcc/arm-none-eabi/9.3.1/../../../../arm-none-eabi/lib/thumb/v7e-m+fp/hard\libc.a(lib_a-fwalk.o)
                0x0800a99c                _fwalk_reent
 .text._localeconv_r
                0x0800a9e4        0x8 y:/coen20/gcc/bin/../lib/gcc/arm-none-eabi/9.3.1/../../../../arm-none-eabi/lib/thumb/v7e-m+fp/hard\libc.a(lib_a-localeconv.o)
                0x0800a9e4                _localeconv_r
 .text.__retarget_lock_init_recursive
                0x0800a9ec        0x4 y:/coen20/gcc/bin/../lib/gcc/arm-none-eabi/9.3.1/../../../../arm-none-eabi/lib/thumb/v7e-m+fp/hard\libc.a(lib_a-lock.o)
                0x0800a9ec                __retarget_lock_init_recursive
 .text.__retarget_lock_close_recursive
                0x0800a9f0        0x4 y:/coen20/gcc/bin/../lib/gcc/arm-none-eabi/9.3.1/../../../../arm-none-eabi/lib/thumb/v7e-m+fp/hard\libc.a(lib_a-lock.o)
                0x0800a9f0                __retarget_lock_close_recursive
 .text.__retarget_lock_acquire_recursive
                0x0800a9f4        0x4 y:/coen20/gcc/bin/../lib/gcc/arm-none-eabi/9.3.1/../../../../arm-none-eabi/lib/thumb/v7e-m+fp/hard\libc.a(lib_a-lock.o)
                0x0800a9f4                __retarget_lock_acquire_recursive
 .text.__retarget_lock_release_recursive
                0x0800a9f8        0x4 y:/coen20/gcc/bin/../lib/gcc/arm-none-eabi/9.3.1/../../../../arm-none-eabi/lib/thumb/v7e-m+fp/hard\libc.a(lib_a-lock.o)
                0x0800a9f8                __retarget_lock_release_recursive
 .text.__swhatbuf_r
                0x0800a9fc       0x5c y:/coen20/gcc/bin/../lib/gcc/arm-none-eabi/9.3.1/../../../../arm-none-eabi/lib/thumb/v7e-m+fp/hard\libc.a(lib_a-makebuf.o)
                0x0800a9fc                __swhatbuf_r
 .text.__smakebuf_r
                0x0800aa58       0x98 y:/coen20/gcc/bin/../lib/gcc/arm-none-eabi/9.3.1/../../../../arm-none-eabi/lib/thumb/v7e-m+fp/hard\libc.a(lib_a-makebuf.o)
                0x0800aa58                __smakebuf_r
 .text._malloc_r
                0x0800aaf0      0x574 y:/coen20/gcc/bin/../lib/gcc/arm-none-eabi/9.3.1/../../../../arm-none-eabi/lib/thumb/v7e-m+fp/hard\libc.a(lib_a-mallocr.o)
                0x0800aaf0                _malloc_r
 *fill*         0x0800b064        0xc 
 .text          0x0800b070       0xa0 y:/coen20/gcc/bin/../lib/gcc/arm-none-eabi/9.3.1/../../../../arm-none-eabi/lib/thumb/v7e-m+fp/hard\libc.a(lib_a-memchr.o)
                0x0800b070                memchr
 .text.__malloc_lock
                0x0800b110        0xc y:/coen20/gcc/bin/../lib/gcc/arm-none-eabi/9.3.1/../../../../arm-none-eabi/lib/thumb/v7e-m+fp/hard\libc.a(lib_a-mlock.o)
                0x0800b110                __malloc_lock
 .text.__malloc_unlock
                0x0800b11c        0xc y:/coen20/gcc/bin/../lib/gcc/arm-none-eabi/9.3.1/../../../../arm-none-eabi/lib/thumb/v7e-m+fp/hard\libc.a(lib_a-mlock.o)
                0x0800b11c                __malloc_unlock
 .text._Balloc  0x0800b128       0x4c y:/coen20/gcc/bin/../lib/gcc/arm-none-eabi/9.3.1/../../../../arm-none-eabi/lib/thumb/v7e-m+fp/hard\libc.a(lib_a-mprec.o)
                0x0800b128                _Balloc
 .text._Bfree   0x0800b174       0x14 y:/coen20/gcc/bin/../lib/gcc/arm-none-eabi/9.3.1/../../../../arm-none-eabi/lib/thumb/v7e-m+fp/hard\libc.a(lib_a-mprec.o)
                0x0800b174                _Bfree
 .text.__multadd
                0x0800b188       0xac y:/coen20/gcc/bin/../lib/gcc/arm-none-eabi/9.3.1/../../../../arm-none-eabi/lib/thumb/v7e-m+fp/hard\libc.a(lib_a-mprec.o)
                0x0800b188                __multadd
 .text.__hi0bits
                0x0800b234       0x40 y:/coen20/gcc/bin/../lib/gcc/arm-none-eabi/9.3.1/../../../../arm-none-eabi/lib/thumb/v7e-m+fp/hard\libc.a(lib_a-mprec.o)
                0x0800b234                __hi0bits
 .text.__lo0bits
                0x0800b274       0x60 y:/coen20/gcc/bin/../lib/gcc/arm-none-eabi/9.3.1/../../../../arm-none-eabi/lib/thumb/v7e-m+fp/hard\libc.a(lib_a-mprec.o)
                0x0800b274                __lo0bits
 .text.__i2b    0x0800b2d4       0x2c y:/coen20/gcc/bin/../lib/gcc/arm-none-eabi/9.3.1/../../../../arm-none-eabi/lib/thumb/v7e-m+fp/hard\libc.a(lib_a-mprec.o)
                0x0800b2d4                __i2b
 .text.__multiply
                0x0800b300      0x160 y:/coen20/gcc/bin/../lib/gcc/arm-none-eabi/9.3.1/../../../../arm-none-eabi/lib/thumb/v7e-m+fp/hard\libc.a(lib_a-mprec.o)
                0x0800b300                __multiply
 .text.__pow5mult
                0x0800b460       0x98 y:/coen20/gcc/bin/../lib/gcc/arm-none-eabi/9.3.1/../../../../arm-none-eabi/lib/thumb/v7e-m+fp/hard\libc.a(lib_a-mprec.o)
                0x0800b460                __pow5mult
 .text.__lshift
                0x0800b4f8       0xe8 y:/coen20/gcc/bin/../lib/gcc/arm-none-eabi/9.3.1/../../../../arm-none-eabi/lib/thumb/v7e-m+fp/hard\libc.a(lib_a-mprec.o)
                0x0800b4f8                __lshift
 .text.__mcmp   0x0800b5e0       0x3c y:/coen20/gcc/bin/../lib/gcc/arm-none-eabi/9.3.1/../../../../arm-none-eabi/lib/thumb/v7e-m+fp/hard\libc.a(lib_a-mprec.o)
                0x0800b5e0                __mcmp
 .text.__mdiff  0x0800b61c      0x148 y:/coen20/gcc/bin/../lib/gcc/arm-none-eabi/9.3.1/../../../../arm-none-eabi/lib/thumb/v7e-m+fp/hard\libc.a(lib_a-mprec.o)
                0x0800b61c                __mdiff
 .text.__d2b    0x0800b764       0xd0 y:/coen20/gcc/bin/../lib/gcc/arm-none-eabi/9.3.1/../../../../arm-none-eabi/lib/thumb/v7e-m+fp/hard\libc.a(lib_a-mprec.o)
                0x0800b764                __d2b
 .text.frexp    0x0800b834       0x6c y:/coen20/gcc/bin/../lib/gcc/arm-none-eabi/9.3.1/../../../../arm-none-eabi/lib/thumb/v7e-m+fp/hard\libc.a(lib_a-s_frexp.o)
                0x0800b834                frexp
 .text._sbrk_r  0x0800b8a0       0x24 y:/coen20/gcc/bin/../lib/gcc/arm-none-eabi/9.3.1/../../../../arm-none-eabi/lib/thumb/v7e-m+fp/hard\libc.a(lib_a-sbrkr.o)
                0x0800b8a0                _sbrk_r
 .text.__sread  0x0800b8c4       0x24 y:/coen20/gcc/bin/../lib/gcc/arm-none-eabi/9.3.1/../../../../arm-none-eabi/lib/thumb/v7e-m+fp/hard\libc.a(lib_a-stdio.o)
                0x0800b8c4                __sread
 .text.__swrite
                0x0800b8e8       0x40 y:/coen20/gcc/bin/../lib/gcc/arm-none-eabi/9.3.1/../../../../arm-none-eabi/lib/thumb/v7e-m+fp/hard\libc.a(lib_a-stdio.o)
                0x0800b8e8                __swrite
 .text.__sseek  0x0800b928       0x20 y:/coen20/gcc/bin/../lib/gcc/arm-none-eabi/9.3.1/../../../../arm-none-eabi/lib/thumb/v7e-m+fp/hard\libc.a(lib_a-stdio.o)
                0x0800b928                __sseek
 .text.__sclose
                0x0800b948        0x8 y:/coen20/gcc/bin/../lib/gcc/arm-none-eabi/9.3.1/../../../../arm-none-eabi/lib/thumb/v7e-m+fp/hard\libc.a(lib_a-stdio.o)
                0x0800b948                __sclose
 .text.strncpy  0x0800b950       0x68 y:/coen20/gcc/bin/../lib/gcc/arm-none-eabi/9.3.1/../../../../arm-none-eabi/lib/thumb/v7e-m+fp/hard\libc.a(lib_a-strncpy.o)
                0x0800b950                strncpy
 .text.__ssprint_r
                0x0800b9b8       0xf8 y:/coen20/gcc/bin/../lib/gcc/arm-none-eabi/9.3.1/../../../../arm-none-eabi/lib/thumb/v7e-m+fp/hard\libc.a(lib_a-svfiprintf.o)
                0x0800b9b8                __ssprint_r
 .text.__sprint_r.part.0
                0x0800bab0       0x78 y:/coen20/gcc/bin/../lib/gcc/arm-none-eabi/9.3.1/../../../../arm-none-eabi/lib/thumb/v7e-m+fp/hard\libc.a(lib_a-vfiprintf.o)
 .text._vfiprintf_r
                0x0800bb28      0xd4c y:/coen20/gcc/bin/../lib/gcc/arm-none-eabi/9.3.1/../../../../arm-none-eabi/lib/thumb/v7e-m+fp/hard\libc.a(lib_a-vfiprintf.o)
                0x0800bb28                _vfiprintf_r
 .text.__sbprintf
                0x0800c874       0x84 y:/coen20/gcc/bin/../lib/gcc/arm-none-eabi/9.3.1/../../../../arm-none-eabi/lib/thumb/v7e-m+fp/hard\libc.a(lib_a-vfiprintf.o)
 .text._write_r
                0x0800c8f8       0x2c y:/coen20/gcc/bin/../lib/gcc/arm-none-eabi/9.3.1/../../../../arm-none-eabi/lib/thumb/v7e-m+fp/hard\libc.a(lib_a-writer.o)
                0x0800c8f8                _write_r
 .text.__register_exitproc
                0x0800c924       0x8c y:/coen20/gcc/bin/../lib/gcc/arm-none-eabi/9.3.1/../../../../arm-none-eabi/lib/thumb/v7e-m+fp/hard\libc.a(lib_a-__atexit.o)
                0x0800c924                __register_exitproc
 .text.__assert_func
                0x0800c9b0       0x3c y:/coen20/gcc/bin/../lib/gcc/arm-none-eabi/9.3.1/../../../../arm-none-eabi/lib/thumb/v7e-m+fp/hard\libc.a(lib_a-assert.o)
                0x0800c9b0                __assert_func
 .text._calloc_r
                0x0800c9ec       0x60 y:/coen20/gcc/bin/../lib/gcc/arm-none-eabi/9.3.1/../../../../arm-none-eabi/lib/thumb/v7e-m+fp/hard\libc.a(lib_a-callocr.o)
                0x0800c9ec                _calloc_r
 .text._close_r
                0x0800ca4c       0x24 y:/coen20/gcc/bin/../lib/gcc/arm-none-eabi/9.3.1/../../../../arm-none-eabi/lib/thumb/v7e-m+fp/hard\libc.a(lib_a-closer.o)
                0x0800ca4c                _close_r
 .text._fclose_r
                0x0800ca70       0xcc y:/coen20/gcc/bin/../lib/gcc/arm-none-eabi/9.3.1/../../../../arm-none-eabi/lib/thumb/v7e-m+fp/hard\libc.a(lib_a-fclose.o)
                0x0800ca70                _fclose_r
 .text.fiprintf
                0x0800cb3c       0x28 y:/coen20/gcc/bin/../lib/gcc/arm-none-eabi/9.3.1/../../../../arm-none-eabi/lib/thumb/v7e-m+fp/hard\libc.a(lib_a-fiprintf.o)
                0x0800cb3c                fiprintf
 .text.__fputwc
                0x0800cb64       0xa8 y:/coen20/gcc/bin/../lib/gcc/arm-none-eabi/9.3.1/../../../../arm-none-eabi/lib/thumb/v7e-m+fp/hard\libc.a(lib_a-fputwc.o)
                0x0800cb64                __fputwc
 .text._fputwc_r
                0x0800cc0c       0x68 y:/coen20/gcc/bin/../lib/gcc/arm-none-eabi/9.3.1/../../../../arm-none-eabi/lib/thumb/v7e-m+fp/hard\libc.a(lib_a-fputwc.o)
                0x0800cc0c                _fputwc_r
 .text._fstat_r
                0x0800cc74       0x2c y:/coen20/gcc/bin/../lib/gcc/arm-none-eabi/9.3.1/../../../../arm-none-eabi/lib/thumb/v7e-m+fp/hard\libc.a(lib_a-fstatr.o)
                0x0800cc74                _fstat_r
 .text.__sfvwrite_r
                0x0800cca0      0x2e0 y:/coen20/gcc/bin/../lib/gcc/arm-none-eabi/9.3.1/../../../../arm-none-eabi/lib/thumb/v7e-m+fp/hard\libc.a(lib_a-fvwrite.o)
                0x0800cca0                __sfvwrite_r
 .text._isatty_r
                0x0800cf80       0x24 y:/coen20/gcc/bin/../lib/gcc/arm-none-eabi/9.3.1/../../../../arm-none-eabi/lib/thumb/v7e-m+fp/hard\libc.a(lib_a-isattyr.o)
                0x0800cf80                _isatty_r
 .text.__locale_mb_cur_max
                0x0800cfa4        0xc y:/coen20/gcc/bin/../lib/gcc/arm-none-eabi/9.3.1/../../../../arm-none-eabi/lib/thumb/v7e-m+fp/hard\libc.a(lib_a-locale.o)
                0x0800cfa4                __locale_mb_cur_max
 .text._lseek_r
                0x0800cfb0       0x2c y:/coen20/gcc/bin/../lib/gcc/arm-none-eabi/9.3.1/../../../../arm-none-eabi/lib/thumb/v7e-m+fp/hard\libc.a(lib_a-lseekr.o)
                0x0800cfb0                _lseek_r
 .text.__ascii_mbtowc
                0x0800cfdc       0x2c y:/coen20/gcc/bin/../lib/gcc/arm-none-eabi/9.3.1/../../../../arm-none-eabi/lib/thumb/v7e-m+fp/hard\libc.a(lib_a-mbtowc_r.o)
                0x0800cfdc                __ascii_mbtowc
 .text.memmove  0x0800d008       0xd8 y:/coen20/gcc/bin/../lib/gcc/arm-none-eabi/9.3.1/../../../../arm-none-eabi/lib/thumb/v7e-m+fp/hard\libc.a(lib_a-memmove.o)
                0x0800d008                memmove
 .text._read_r  0x0800d0e0       0x2c y:/coen20/gcc/bin/../lib/gcc/arm-none-eabi/9.3.1/../../../../arm-none-eabi/lib/thumb/v7e-m+fp/hard\libc.a(lib_a-readr.o)
                0x0800d0e0                _read_r
 .text._realloc_r
                0x0800d10c      0x3e0 y:/coen20/gcc/bin/../lib/gcc/arm-none-eabi/9.3.1/../../../../arm-none-eabi/lib/thumb/v7e-m+fp/hard\libc.a(lib_a-reallocr.o)
                0x0800d10c                _realloc_r
 .text.__swbuf_r
                0x0800d4ec       0xb0 y:/coen20/gcc/bin/../lib/gcc/arm-none-eabi/9.3.1/../../../../arm-none-eabi/lib/thumb/v7e-m+fp/hard\libc.a(lib_a-wbuf.o)
                0x0800d4ec                __swbuf_r
 .text._wcrtomb_r
                0x0800d59c       0x3c y:/coen20/gcc/bin/../lib/gcc/arm-none-eabi/9.3.1/../../../../arm-none-eabi/lib/thumb/v7e-m+fp/hard\libc.a(lib_a-wcrtomb.o)
                0x0800d59c                _wcrtomb_r
 .text.__ascii_wctomb
                0x0800d5d8       0x1c y:/coen20/gcc/bin/../lib/gcc/arm-none-eabi/9.3.1/../../../../arm-none-eabi/lib/thumb/v7e-m+fp/hard\libc.a(lib_a-wctomb_r.o)
                0x0800d5d8                __ascii_wctomb
 .text.abort    0x0800d5f4       0x10 y:/coen20/gcc/bin/../lib/gcc/arm-none-eabi/9.3.1/../../../../arm-none-eabi/lib/thumb/v7e-m+fp/hard\libc.a(lib_a-abort.o)
                0x0800d5f4                abort
 .text._raise_r
                0x0800d604       0x58 y:/coen20/gcc/bin/../lib/gcc/arm-none-eabi/9.3.1/../../../../arm-none-eabi/lib/thumb/v7e-m+fp/hard\libc.a(lib_a-signal.o)
                0x0800d604                _raise_r
 .text.raise    0x0800d65c       0x10 y:/coen20/gcc/bin/../lib/gcc/arm-none-eabi/9.3.1/../../../../arm-none-eabi/lib/thumb/v7e-m+fp/hard\libc.a(lib_a-signal.o)
                0x0800d65c                raise
 .text._kill_r  0x0800d66c       0x2c y:/coen20/gcc/bin/../lib/gcc/arm-none-eabi/9.3.1/../../../../arm-none-eabi/lib/thumb/v7e-m+fp/hard\libc.a(lib_a-signalr.o)
                0x0800d66c                _kill_r
 .text._getpid_r
                0x0800d698        0x4 y:/coen20/gcc/bin/../lib/gcc/arm-none-eabi/9.3.1/../../../../arm-none-eabi/lib/thumb/v7e-m+fp/hard\libc.a(lib_a-signalr.o)
                0x0800d698                _getpid_r
 .text._sbrk    0x0800d69c       0x1c y:/coen20/gcc/bin/../lib/gcc/arm-none-eabi/9.3.1/../../../../arm-none-eabi/lib/thumb/v7e-m+fp/hard\libnosys.a(sbrk.o)
                0x0800d69c                _sbrk
 .text._exit    0x0800d6b8        0x4 y:/coen20/gcc/bin/../lib/gcc/arm-none-eabi/9.3.1/../../../../arm-none-eabi/lib/thumb/v7e-m+fp/hard\libnosys.a(_exit.o)
                0x0800d6b8                _exit
 .text          0x0800d6bc      0x378 y:/coen20/gcc/bin/../lib/gcc/arm-none-eabi/9.3.1/thumb/v7e-m+fp/hard\libgcc.a(_arm_addsubdf3.o)
                0x0800d6bc                __aeabi_drsub
                0x0800d6c4                __aeabi_dsub
                0x0800d6c4                __subdf3
                0x0800d6c8                __aeabi_dadd
                0x0800d6c8                __adddf3
                0x0800d940                __floatunsidf
                0x0800d940                __aeabi_ui2d
                0x0800d960                __floatsidf
                0x0800d960                __aeabi_i2d
                0x0800d984                __aeabi_f2d
                0x0800d984                __extendsfdf2
                0x0800d9c8                __floatundidf
                0x0800d9c8                __aeabi_ul2d
                0x0800d9d8                __floatdidf
                0x0800d9d8                __aeabi_l2d
 .text          0x0800da34      0x424 y:/coen20/gcc/bin/../lib/gcc/arm-none-eabi/9.3.1/thumb/v7e-m+fp/hard\libgcc.a(_arm_muldivdf3.o)
                0x0800da34                __aeabi_dmul
                0x0800da34                __muldf3
                0x0800dc88                __divdf3
                0x0800dc88                __aeabi_ddiv
 .text          0x0800de58      0x110 y:/coen20/gcc/bin/../lib/gcc/arm-none-eabi/9.3.1/thumb/v7e-m+fp/hard\libgcc.a(_arm_cmpdf2.o)
                0x0800de58                __gtdf2
                0x0800de58                __gedf2
                0x0800de60                __ltdf2
                0x0800de60                __ledf2
                0x0800de68                __nedf2
                0x0800de68                __eqdf2
                0x0800de68                __cmpdf2
                0x0800dee4                __aeabi_cdrcmple
                0x0800def4                __aeabi_cdcmpeq
                0x0800def4                __aeabi_cdcmple
                0x0800df04                __aeabi_dcmpeq
                0x0800df18                __aeabi_dcmplt
                0x0800df2c                __aeabi_dcmple
                0x0800df40                __aeabi_dcmpge
                0x0800df54                __aeabi_dcmpgt
 .text          0x0800df68       0x2c y:/coen20/gcc/bin/../lib/gcc/arm-none-eabi/9.3.1/thumb/v7e-m+fp/hard\libgcc.a(_arm_unorddf2.o)
                0x0800df68                __unorddf2
                0x0800df68                __aeabi_dcmpun
 .text          0x0800df94       0x50 y:/coen20/gcc/bin/../lib/gcc/arm-none-eabi/9.3.1/thumb/v7e-m+fp/hard\libgcc.a(_arm_fixdfsi.o)
                0x0800df94                __aeabi_d2iz
                0x0800df94                __fixdfsi
 .text          0x0800dfe4       0x30 y:/coen20/gcc/bin/../lib/gcc/arm-none-eabi/9.3.1/thumb/v7e-m+fp/hard\libgcc.a(_aeabi_uldivmod.o)
                0x0800dfe4                __aeabi_uldivmod
 .text          0x0800e014      0x2c4 y:/coen20/gcc/bin/../lib/gcc/arm-none-eabi/9.3.1/thumb/v7e-m+fp/hard\libgcc.a(_udivmoddi4.o)
                0x0800e014                __udivmoddi4
 .text          0x0800e2d8        0x4 y:/coen20/gcc/bin/../lib/gcc/arm-none-eabi/9.3.1/thumb/v7e-m+fp/hard\libgcc.a(_dvmd_tls.o)
                0x0800e2d8                __aeabi_idiv0
                0x0800e2d8                __aeabi_ldiv0
 *(.init)
 .init          0x0800e2dc        0x4 y:/coen20/gcc/bin/../lib/gcc/arm-none-eabi/9.3.1/thumb/v7e-m+fp/hard/crti.o
                0x0800e2dc                _init
 .init          0x0800e2e0        0x8 y:/coen20/gcc/bin/../lib/gcc/arm-none-eabi/9.3.1/thumb/v7e-m+fp/hard/crtn.o
 *(.fini)
 .fini          0x0800e2e8        0x4 y:/coen20/gcc/bin/../lib/gcc/arm-none-eabi/9.3.1/thumb/v7e-m+fp/hard/crti.o
                0x0800e2e8                _fini
 .fini          0x0800e2ec        0x8 y:/coen20/gcc/bin/../lib/gcc/arm-none-eabi/9.3.1/thumb/v7e-m+fp/hard/crtn.o
 *crtbegin.o(.ctors)
 *crtbegin?.o(.ctors)
 *(EXCLUDE_FILE(*crtend.o *crtend?.o) .ctors)
 *(SORT_BY_NAME(.ctors.*))
 *(.ctors)
 *crtbegin.o(.dtors)
 *crtbegin?.o(.dtors)
 *(EXCLUDE_FILE(*crtend.o *crtend?.o) .dtors)
 *(SORT_BY_NAME(.dtors.*))
 *(.dtors)
 *(.rodata*)
 .rodata        0x0800e2f4      0x143 obj/Lab6A-Main-c.o
 .rodata.DisplayHeader.str1.1
                0x0800e437       0x27 library.a(initialize.o)
 .rodata._write.str1.1
                0x0800e45e       0x27 library.a(initialize.o)
                                  0x1 (size before relaxing)
 .rodata.Font12_Table
                0x0800e45e      0x474 library.a(stm32f429i_discovery_lcd.o)
                0x0800e45e                Font12_Table
 .rodata.Font16_Table
                0x0800e8d2      0xbe0 library.a(stm32f429i_discovery_lcd.o)
                0x0800e8d2                Font16_Table
 .rodata.Font24_Table
                0x0800f4b2     0x1ab8 library.a(stm32f429i_discovery_lcd.o)
                0x0800f4b2                Font24_Table
 .rodata.CSWTCH.4
                0x08010f6a        0x7 library.a(stm32f4xx_hal_ltdc.o)
 .rodata.APBAHBPrescTable
                0x08010f71       0x10 library.a(stm32f4xx_hal_rcc.o)
                0x08010f71                APBAHBPrescTable
 .rodata.SVC_Label.str1.1
                0x08010f81        0xe library.a(svcHandler.o)
 .rodata.F32.str1.1
                0x08010f8f       0x20 library.a(svcHandler.o)
 .rodata.FlPtRegs.str1.1
                0x08010faf       0x1a library.a(svcHandler.o)
 .rodata._MemManageHandler.str1.1
                0x08010fc9       0x10 library.a(svcHandler.o)
 .rodata._BusFault_Handler.str1.1
                0x08010fd9        0xb library.a(svcHandler.o)
 .rodata._HardFault_Handler.str1.1
                0x08010fe4        0xc library.a(svcHandler.o)
 .rodata._UsageFault_Handler.str1.1
                0x08010ff0       0x76 library.a(svcHandler.o)
 .rodata.SVC_Exception.str1.1
                0x08011066       0x15 library.a(svcHandler.o)
 .rodata.str1.1
                0x0801107b      0x11e library.a(svcHandler.o)
 *fill*         0x08011199        0x3 
 .rodata.npio2_hw
                0x0801119c       0x80 y:/coen20/gcc/bin/../lib/gcc/arm-none-eabi/9.3.1/../../../../arm-none-eabi/lib/thumb/v7e-m+fp/hard\libm.a(lib_a-ef_rem_pio2.o)
 .rodata.two_over_pi
                0x0801121c      0x318 y:/coen20/gcc/bin/../lib/gcc/arm-none-eabi/9.3.1/../../../../arm-none-eabi/lib/thumb/v7e-m+fp/hard\libm.a(lib_a-ef_rem_pio2.o)
 .rodata.PIo2   0x08011534       0x2c y:/coen20/gcc/bin/../lib/gcc/arm-none-eabi/9.3.1/../../../../arm-none-eabi/lib/thumb/v7e-m+fp/hard\libm.a(lib_a-kf_rem_pio2.o)
 .rodata.init_jk
                0x08011560        0xc y:/coen20/gcc/bin/../lib/gcc/arm-none-eabi/9.3.1/../../../../arm-none-eabi/lib/thumb/v7e-m+fp/hard\libm.a(lib_a-kf_rem_pio2.o)
 .rodata._global_impure_ptr
                0x0801156c        0x4 y:/coen20/gcc/bin/../lib/gcc/arm-none-eabi/9.3.1/../../../../arm-none-eabi/lib/thumb/v7e-m+fp/hard\libc.a(lib_a-impure.o)
                0x0801156c                _global_impure_ptr
 .rodata._svfprintf_r.str1.4
                0x08011570       0x42 y:/coen20/gcc/bin/../lib/gcc/arm-none-eabi/9.3.1/../../../../arm-none-eabi/lib/thumb/v7e-m+fp/hard\libc.a(lib_a-svfprintf.o)
 *fill*         0x080115b2        0x2 
 .rodata.blanks.8698
                0x080115b4       0x10 y:/coen20/gcc/bin/../lib/gcc/arm-none-eabi/9.3.1/../../../../arm-none-eabi/lib/thumb/v7e-m+fp/hard\libc.a(lib_a-svfprintf.o)
 .rodata.zeroes.8699
                0x080115c4       0x10 y:/coen20/gcc/bin/../lib/gcc/arm-none-eabi/9.3.1/../../../../arm-none-eabi/lib/thumb/v7e-m+fp/hard\libc.a(lib_a-svfprintf.o)
 .rodata._dtoa_r.str1.4
                0x080115d4       0xa0 y:/coen20/gcc/bin/../lib/gcc/arm-none-eabi/9.3.1/../../../../arm-none-eabi/lib/thumb/v7e-m+fp/hard\libc.a(lib_a-dtoa.o)
                                 0xa4 (size before relaxing)
 .rodata.__multadd.str1.4
                0x08011674       0x7d y:/coen20/gcc/bin/../lib/gcc/arm-none-eabi/9.3.1/../../../../arm-none-eabi/lib/thumb/v7e-m+fp/hard\libc.a(lib_a-mprec.o)
                                 0x91 (size before relaxing)
 *fill*         0x080116f1        0x7 
 .rodata.__mprec_bigtens
                0x080116f8       0x28 y:/coen20/gcc/bin/../lib/gcc/arm-none-eabi/9.3.1/../../../../arm-none-eabi/lib/thumb/v7e-m+fp/hard\libc.a(lib_a-mprec.o)
                0x080116f8                __mprec_bigtens
 .rodata.__mprec_tens
                0x08011720       0xc8 y:/coen20/gcc/bin/../lib/gcc/arm-none-eabi/9.3.1/../../../../arm-none-eabi/lib/thumb/v7e-m+fp/hard\libc.a(lib_a-mprec.o)
                0x08011720                __mprec_tens
 .rodata.p05.7485
                0x080117e8        0xc y:/coen20/gcc/bin/../lib/gcc/arm-none-eabi/9.3.1/../../../../arm-none-eabi/lib/thumb/v7e-m+fp/hard\libc.a(lib_a-mprec.o)
 .rodata._vfiprintf_r.str1.4
                0x080117f4       0x2f y:/coen20/gcc/bin/../lib/gcc/arm-none-eabi/9.3.1/../../../../arm-none-eabi/lib/thumb/v7e-m+fp/hard\libc.a(lib_a-vfiprintf.o)
 .rodata.blanks.8691
                0x080117f4       0x10 y:/coen20/gcc/bin/../lib/gcc/arm-none-eabi/9.3.1/../../../../arm-none-eabi/lib/thumb/v7e-m+fp/hard\libc.a(lib_a-vfiprintf.o)
 .rodata.zeroes.8692
                0x08011804       0x10 y:/coen20/gcc/bin/../lib/gcc/arm-none-eabi/9.3.1/../../../../arm-none-eabi/lib/thumb/v7e-m+fp/hard\libc.a(lib_a-vfiprintf.o)
 .rodata.__assert_func.str1.4
                0x08011814       0x3f y:/coen20/gcc/bin/../lib/gcc/arm-none-eabi/9.3.1/../../../../arm-none-eabi/lib/thumb/v7e-m+fp/hard\libc.a(lib_a-assert.o)
                                 0x43 (size before relaxing)
 *fill*         0x08011853        0x1 
 .rodata._setlocale_r.str1.4
                0x08011854        0xa y:/coen20/gcc/bin/../lib/gcc/arm-none-eabi/9.3.1/../../../../arm-none-eabi/lib/thumb/v7e-m+fp/hard\libc.a(lib_a-locale.o)
                                  0xd (size before relaxing)
 *fill*         0x0801185e        0x2 
 .rodata.str1.4
                0x08011860        0x2 y:/coen20/gcc/bin/../lib/gcc/arm-none-eabi/9.3.1/../../../../arm-none-eabi/lib/thumb/v7e-m+fp/hard\libc.a(lib_a-locale.o)
 *fill*         0x08011862        0x2 
 .rodata._ctype_
                0x08011864      0x101 y:/coen20/gcc/bin/../lib/gcc/arm-none-eabi/9.3.1/../../../../arm-none-eabi/lib/thumb/v7e-m+fp/hard\libc.a(lib_a-ctype_.o)
                0x08011864                _ctype_
 *(.eh_frame*)
 *fill*         0x08011965        0x3 
 .eh_frame      0x08011968        0x0 y:/coen20/gcc/bin/../lib/gcc/arm-none-eabi/9.3.1/thumb/v7e-m+fp/hard/crtbegin.o
 .eh_frame      0x08011968        0x4 y:/coen20/gcc/bin/../lib/gcc/arm-none-eabi/9.3.1/thumb/v7e-m+fp/hard/crtend.o

.glue_7         0x0801196c        0x0
 .glue_7        0x0801196c        0x0 linker stubs

.glue_7t        0x0801196c        0x0
 .glue_7t       0x0801196c        0x0 linker stubs

.vfp11_veneer   0x0801196c        0x0
 .vfp11_veneer  0x0801196c        0x0 linker stubs

.v4_bx          0x0801196c        0x0
 .v4_bx         0x0801196c        0x0 linker stubs

.iplt           0x0801196c        0x0
 .iplt          0x0801196c        0x0 y:/coen20/gcc/bin/../lib/gcc/arm-none-eabi/9.3.1/thumb/v7e-m+fp/hard/crtbegin.o

.ARM.extab
 *(.ARM.extab* .gnu.linkonce.armextab.*)
                0x0801196c                __exidx_start = .

.ARM.exidx      0x0801196c        0x8
 *(.ARM.exidx* .gnu.linkonce.armexidx.*)
 .ARM.exidx     0x0801196c        0x8 y:/coen20/gcc/bin/../lib/gcc/arm-none-eabi/9.3.1/../../../../arm-none-eabi/lib/thumb/v7e-m+fp/hard/crt0.o
                                 0x10 (size before relaxing)
 .ARM.exidx     0x08011974        0x0 y:/coen20/gcc/bin/../lib/gcc/arm-none-eabi/9.3.1/thumb/v7e-m+fp/hard\libgcc.a(_udivmoddi4.o)
                                  0x8 (size before relaxing)
                0x08011974                __exidx_end = .
                0x08011974                __etext = .

.rel.dyn        0x08011974        0x0
 .rel.iplt      0x08011974        0x0 y:/coen20/gcc/bin/../lib/gcc/arm-none-eabi/9.3.1/thumb/v7e-m+fp/hard/crtbegin.o

.data           0x20000000      0xd28 load address 0x08011974
                0x20000000                __data_start__ = .
 *(vtable)
 *(.data*)
 .data.AHB1ENR  0x20000000        0x4 obj/Lab6A-Main-c.o
 .data.DMA2D    0x20000004        0x4 obj/Lab6A-Main-c.o
 .data.FG_CLUT  0x20000008        0x4 obj/Lab6A-Main-c.o
 *fill*         0x2000000c        0x4 
 .data.color_table.7416
                0x20000010       0x1c obj/Lab6A-Main-c.o
 .data.fbl      0x2000002c        0xc obj/Lab6A-Main-c.o
 .data.fbr      0x20000038        0xc obj/Lab6A-Main-c.o
 .data.ftl      0x20000044        0xc obj/Lab6A-Main-c.o
 .data.ftr      0x20000050        0xc obj/Lab6A-Main-c.o
 .data.ident.7377
                0x2000005c       0x24 obj/Lab6A-Main-c.o
 .data.init.7515
                0x20000080        0x1 obj/Lab6A-Main-c.o
 *fill*         0x20000081        0x3 
 .data.message.7471
                0x20000084       0x2c obj/Lab6A-Main-c.o
 .data.msec     0x200000b0        0x4 obj/Lab6A-Main-c.o
 .data.rbl      0x200000b4        0xc obj/Lab6A-Main-c.o
 .data.rbr      0x200000c0        0xc obj/Lab6A-Main-c.o
 .data.rtl      0x200000cc        0xc obj/Lab6A-Main-c.o
 .data.rtr      0x200000d8        0xc obj/Lab6A-Main-c.o
 .data.screen_pixels
                0x200000e4        0x4 obj/Lab6A-Main-c.o
 .data.slider   0x200000e8       0x24 obj/Lab6A-Main-c.o
 .data.triangles
                0x2000010c       0xc0 obj/Lab6A-Main-c.o
 .data.vertices
                0x200001cc       0x20 obj/Lab6A-Main-c.o
 .data.BUTTON_PORT
                0x200001ec        0x4 library.a(stm32f429i_discovery.o)
                0x200001ec                BUTTON_PORT
 .data.I2cxTimeout
                0x200001f0        0x4 library.a(stm32f429i_discovery.o)
                0x200001f0                I2cxTimeout
 .data.SpixTimeout
                0x200001f4        0x4 library.a(stm32f429i_discovery.o)
                0x200001f4                SpixTimeout
 .data.Font12   0x200001f8        0x8 library.a(stm32f429i_discovery_lcd.o)
                0x200001f8                Font12
 .data.Font16   0x20000200        0x8 library.a(stm32f429i_discovery_lcd.o)
                0x20000200                Font16
 .data.Font24   0x20000208        0x8 library.a(stm32f429i_discovery_lcd.o)
                0x20000208                Font24
 .data.context.0
                0x20000210       0x20 library.a(svcHandler.o)
 .data.context.1
                0x20000230       0x20 library.a(svcHandler.o)
 .data.context.3
                0x20000250       0x20 library.a(svcHandler.o)
 .data.context.6
                0x20000270       0x20 library.a(svcHandler.o)
 .data.lines.2  0x20000290       0x30 library.a(svcHandler.o)
 .data.lines.5  0x200002c0       0x40 library.a(svcHandler.o)
 .data.SystemCoreClock
                0x20000300        0x4 library.a(system_stm32f4xx.o)
                0x20000300                SystemCoreClock
 .data.x        0x20000304        0x4 library.a(touch.o)
 .data.y        0x20000308        0x4 library.a(touch.o)
 .data.ili9341_drv
                0x2000030c       0x38 library.a(ili9341.o)
                0x2000030c                ili9341_drv
 .data.stmpe811_ts_drv
                0x20000344       0x28 library.a(stmpe811.o)
                0x20000344                stmpe811_ts_drv
 .data._impure_ptr
                0x2000036c        0x4 y:/coen20/gcc/bin/../lib/gcc/arm-none-eabi/9.3.1/../../../../arm-none-eabi/lib/thumb/v7e-m+fp/hard\libc.a(lib_a-impure.o)
                0x2000036c                _impure_ptr
 .data.impure_data
                0x20000370      0x428 y:/coen20/gcc/bin/../lib/gcc/arm-none-eabi/9.3.1/../../../../arm-none-eabi/lib/thumb/v7e-m+fp/hard\libc.a(lib_a-impure.o)
 .data.__atexit_recursive_mutex
                0x20000798        0x4 y:/coen20/gcc/bin/../lib/gcc/arm-none-eabi/9.3.1/../../../../arm-none-eabi/lib/thumb/v7e-m+fp/hard\libc.a(lib_a-__call_atexit.o)
                0x20000798                __atexit_recursive_mutex
 .data.__malloc_av_
                0x2000079c      0x408 y:/coen20/gcc/bin/../lib/gcc/arm-none-eabi/9.3.1/../../../../arm-none-eabi/lib/thumb/v7e-m+fp/hard\libc.a(lib_a-mallocr.o)
                0x2000079c                __malloc_av_
 .data.__malloc_sbrk_base
                0x20000ba4        0x4 y:/coen20/gcc/bin/../lib/gcc/arm-none-eabi/9.3.1/../../../../arm-none-eabi/lib/thumb/v7e-m+fp/hard\libc.a(lib_a-mallocr.o)
                0x20000ba4                __malloc_sbrk_base
 .data.__malloc_trim_threshold
                0x20000ba8        0x4 y:/coen20/gcc/bin/../lib/gcc/arm-none-eabi/9.3.1/../../../../arm-none-eabi/lib/thumb/v7e-m+fp/hard\libc.a(lib_a-mallocr.o)
                0x20000ba8                __malloc_trim_threshold
 .data.__global_locale
                0x20000bac      0x16c y:/coen20/gcc/bin/../lib/gcc/arm-none-eabi/9.3.1/../../../../arm-none-eabi/lib/thumb/v7e-m+fp/hard\libc.a(lib_a-locale.o)
                0x20000bac                __global_locale
                0x20000d18                . = ALIGN (0x4)
                0x20000d18                PROVIDE (__preinit_array_start = .)
 *(.preinit_array)
                0x20000d18                PROVIDE (__preinit_array_end = .)
                0x20000d18                . = ALIGN (0x4)
                0x20000d18                PROVIDE (__init_array_start = .)
 *(SORT_BY_NAME(.init_array.*))
 .init_array.00000
                0x20000d18        0x4 y:/coen20/gcc/bin/../lib/gcc/arm-none-eabi/9.3.1/../../../../arm-none-eabi/lib/thumb/v7e-m+fp/hard\libc.a(lib_a-__call_atexit.o)
 *(.init_array)
 .init_array    0x20000d1c        0x4 y:/coen20/gcc/bin/../lib/gcc/arm-none-eabi/9.3.1/thumb/v7e-m+fp/hard/crtbegin.o
                0x20000d20                PROVIDE (__init_array_end = .)
                0x20000d20                . = ALIGN (0x8)
                0x20000d20                PROVIDE (__fini_array_start = .)
 *(SORT_BY_NAME(.fini_array.*))
 *(.fini_array)
 .fini_array    0x20000d20        0x4 y:/coen20/gcc/bin/../lib/gcc/arm-none-eabi/9.3.1/thumb/v7e-m+fp/hard/crtbegin.o
                0x20000d24                PROVIDE (__fini_array_end = .)
                0x20000d28                . = ALIGN (0x8)
 *fill*         0x20000d24        0x4 
                0x20000d28                __data_end__ = .

.igot.plt       0x20000d28        0x0 load address 0x0801269c
 .igot.plt      0x20000d28        0x0 y:/coen20/gcc/bin/../lib/gcc/arm-none-eabi/9.3.1/thumb/v7e-m+fp/hard/crtbegin.o

.bss            0x20000d28    0x2ad7c load address 0x080126a0
                0x20000d28                __bss_start__ = .
 *(.bss*)
 .bss           0x20000d28       0x1c y:/coen20/gcc/bin/../lib/gcc/arm-none-eabi/9.3.1/thumb/v7e-m+fp/hard/crtbegin.o
 .bss.__fixts__
                0x20000d44        0x4 obj/Lab6A-Main-c.o
                0x20000d44                __fixts__
 .bss.bg.7508   0x20000d48       0x30 obj/Lab6A-Main-c.o
 .bss.clr_index
                0x20000d78        0x1 obj/Lab6A-Main-c.o
 *fill*         0x20000d79        0x7 
 .bss.fg.7509   0x20000d80       0x30 obj/Lab6A-Main-c.o
 .bss.frame_pixels
                0x20000db0     0xe100 obj/Lab6A-Main-c.o
 .bss.text.7498
                0x2000eeb0       0x64 obj/Lab6A-Main-c.o
 .bss.xpos.7499
                0x2000ef14        0x4 obj/Lab6A-Main-c.o
 .bss.buffer    0x2000ef18      0x620 library.a(initialize.o)
 .bss.txtCol    0x2000f538        0x4 library.a(initialize.o)
 .bss.txtRow    0x2000f53c        0x4 library.a(initialize.o)
 .bss.I2cHandle
                0x2000f540       0x3c library.a(stm32f429i_discovery.o)
                0x2000f540                I2cHandle
 .bss.Is_LCD_IO_Initialized
                0x2000f57c        0x1 library.a(stm32f429i_discovery.o)
 *fill*         0x2000f57d        0x3 
 .bss.SpiHandle
                0x2000f580       0x58 library.a(stm32f429i_discovery.o)
 .bss.ActiveLayer
                0x2000f5d8        0x4 library.a(stm32f429i_discovery_lcd.o)
 .bss.Dma2dHandler
                0x2000f5dc       0x40 library.a(stm32f429i_discovery_lcd.o)
 .bss.DrawProp  0x2000f61c       0x18 library.a(stm32f429i_discovery_lcd.o)
 .bss.LcdDrv    0x2000f634        0x4 library.a(stm32f429i_discovery_lcd.o)
                0x2000f634                LcdDrv
 .bss.LtdcHandler
                0x2000f638       0xa8 library.a(stm32f429i_discovery_lcd.o)
 .bss.PeriphClkInitStruct
                0x2000f6e0       0x30 library.a(stm32f429i_discovery_lcd.o)
 .bss.Command   0x2000f710       0x10 library.a(stm32f429i_discovery_sdram.o)
 .bss.SdramHandle
                0x2000f720       0x34 library.a(stm32f429i_discovery_sdram.o)
 .bss.Timing    0x2000f754       0x1c library.a(stm32f429i_discovery_sdram.o)
 .bss.dmaHandle.0
                0x2000f770       0x50 library.a(stm32f429i_discovery_sdram.o)
 .bss.uwTick    0x2000f7c0        0x4 library.a(stm32f4xx_hal.o)
 .bss.rgb       0x2000f7c4    0x1c200 library.a(svcHandler.o)
                0x2000f7c4                rgb
 .bss.text.4    0x2002b9c4       0x64 library.a(svcHandler.o)
 .bss.TsDrv     0x2002ba28        0x4 library.a(stm32f429i_discovery_ts.o)
 .bss.TsXBoundary
                0x2002ba2c        0x2 library.a(stm32f429i_discovery_ts.o)
 .bss.TsYBoundary
                0x2002ba2e        0x2 library.a(stm32f429i_discovery_ts.o)
 .bss._x.1      0x2002ba30        0x4 library.a(stm32f429i_discovery_ts.o)
 .bss._y.0      0x2002ba34        0x4 library.a(stm32f429i_discovery_ts.o)
 .bss.checked.3
                0x2002ba38        0x4 library.a(stm32f429i_discovery_ts.o)
 .bss.reversed.2
                0x2002ba3c        0x4 library.a(stm32f429i_discovery_ts.o)
 .bss.stmpe811  0x2002ba40        0x2 library.a(stmpe811.o)
                0x2002ba40                stmpe811
 *fill*         0x2002ba42        0x2 
 .bss.__malloc_current_mallinfo
                0x2002ba44       0x28 y:/coen20/gcc/bin/../lib/gcc/arm-none-eabi/9.3.1/../../../../arm-none-eabi/lib/thumb/v7e-m+fp/hard\libc.a(lib_a-mallocr.o)
                0x2002ba44                __malloc_current_mallinfo
 .bss.__malloc_max_sbrked_mem
                0x2002ba6c        0x4 y:/coen20/gcc/bin/../lib/gcc/arm-none-eabi/9.3.1/../../../../arm-none-eabi/lib/thumb/v7e-m+fp/hard\libc.a(lib_a-mallocr.o)
                0x2002ba6c                __malloc_max_sbrked_mem
 .bss.__malloc_max_total_mem
                0x2002ba70        0x4 y:/coen20/gcc/bin/../lib/gcc/arm-none-eabi/9.3.1/../../../../arm-none-eabi/lib/thumb/v7e-m+fp/hard\libc.a(lib_a-mallocr.o)
                0x2002ba70                __malloc_max_total_mem
 .bss.__malloc_top_pad
                0x2002ba74        0x4 y:/coen20/gcc/bin/../lib/gcc/arm-none-eabi/9.3.1/../../../../arm-none-eabi/lib/thumb/v7e-m+fp/hard\libc.a(lib_a-mallocr.o)
                0x2002ba74                __malloc_top_pad
 .bss.heap_end.5507
                0x2002ba78        0x4 y:/coen20/gcc/bin/../lib/gcc/arm-none-eabi/9.3.1/../../../../arm-none-eabi/lib/thumb/v7e-m+fp/hard\libnosys.a(sbrk.o)
 *(COMMON)
 COMMON         0x2002ba7c       0x21 y:/coen20/gcc/bin/../lib/gcc/arm-none-eabi/9.3.1/../../../../arm-none-eabi/lib/thumb/v7e-m+fp/hard\libc.a(lib_a-lock.o)
                0x2002ba7c                __lock___atexit_recursive_mutex
                0x2002ba80                __lock___arc4random_mutex
                0x2002ba84                __lock___env_recursive_mutex
                0x2002ba88                __lock___sinit_recursive_mutex
                0x2002ba8c                __lock___malloc_recursive_mutex
                0x2002ba90                __lock___at_quick_exit_mutex
                0x2002ba94                __lock___dd_hash_mutex
                0x2002ba98                __lock___tz_mutex
                0x2002ba9c                __lock___sfp_recursive_mutex
 *fill*         0x2002ba9d        0x3 
 COMMON         0x2002baa0        0x4 y:/coen20/gcc/bin/../lib/gcc/arm-none-eabi/9.3.1/../../../../arm-none-eabi/lib/thumb/v7e-m+fp/hard\libc.a(lib_a-reent.o)
                0x2002baa0                errno
                0x2002baa4                __bss_end__ = .

.ccm            0x10000000        0x0
                0x10000000                . = ALIGN (0x4)
                0x10000000                __ccm_start__ = .
 *(.ccm*)
                0x10000000                . = ALIGN (0x4)
                0x10000000                __ccm_end__ = .

.heap           0x10000000      0xc00
                0x10000000                __end__ = .
                0x10000000                end = __end__
 *(.heap*)
 .heap          0x10000000      0xc00 library.a(startup_stm32f429xx.o)
                0x10000000                __HeapBase
                0x10000c00                __HeapLimit = .

.stack_dummy    0x10000000     0x1000
 *(.stack)
 .stack         0x10000000     0x1000 library.a(startup_stm32f429xx.o)
                0x10010000                __StackTop = (ORIGIN (CCM) + LENGTH (CCM))
                0x1000f000                __StackLimit = (__StackTop - SIZEOF (.stack_dummy))
                0x10010000                PROVIDE (__stack = __StackTop)
                0x00000001                ASSERT ((__StackLimit >= __HeapLimit), region CCM overflowed with stack)
OUTPUT(output.elf elf32-littlearm)
LOAD linker stubs

.ARM.attributes
                0x00000000       0x30
 .ARM.attributes
                0x00000000       0x1e y:/coen20/gcc/bin/../lib/gcc/arm-none-eabi/9.3.1/thumb/v7e-m+fp/hard/crti.o
 .ARM.attributes
                0x0000001e       0x34 y:/coen20/gcc/bin/../lib/gcc/arm-none-eabi/9.3.1/thumb/v7e-m+fp/hard/crtbegin.o
 .ARM.attributes
                0x00000052       0x1c y:/coen20/gcc/bin/../lib/gcc/arm-none-eabi/9.3.1/../../../../arm-none-eabi/lib/thumb/v7e-m+fp/hard/crt0.o
 .ARM.attributes
                0x0000006e       0x34 obj/Lab6A-Main-c.o
 .ARM.attributes
                0x000000a2       0x25 obj/Lab6A-SpinningCube-s.o
 .ARM.attributes
                0x000000c7       0x34 library.a(initialize.o)
 .ARM.attributes
                0x000000fb       0x34 library.a(stm32f429i_discovery.o)
 .ARM.attributes
                0x0000012f       0x34 library.a(stm32f429i_discovery_lcd.o)
 .ARM.attributes
                0x00000163       0x34 library.a(stm32f429i_discovery_sdram.o)
 .ARM.attributes
                0x00000197       0x34 library.a(stm32f4xx_hal.o)
 .ARM.attributes
                0x000001cb       0x34 library.a(stm32f4xx_hal_cortex.o)
 .ARM.attributes
                0x000001ff       0x34 library.a(stm32f4xx_hal_dma.o)
 .ARM.attributes
                0x00000233       0x34 library.a(stm32f4xx_hal_dma2d.o)
 .ARM.attributes
                0x00000267       0x34 library.a(stm32f4xx_hal_gpio.o)
 .ARM.attributes
                0x0000029b       0x34 library.a(stm32f4xx_hal_i2c.o)
 .ARM.attributes
                0x000002cf       0x34 library.a(stm32f4xx_hal_ltdc.o)
 .ARM.attributes
                0x00000303       0x34 library.a(stm32f4xx_hal_rcc.o)
 .ARM.attributes
                0x00000337       0x34 library.a(stm32f4xx_hal_rcc_ex.o)
 .ARM.attributes
                0x0000036b       0x34 library.a(stm32f4xx_hal_sdram.o)
 .ARM.attributes
                0x0000039f       0x34 library.a(stm32f4xx_hal_spi.o)
 .ARM.attributes
                0x000003d3       0x34 library.a(stm32f4xx_it.o)
 .ARM.attributes
                0x00000407       0x34 library.a(stm32f4xx_ll_fmc.o)
 .ARM.attributes
                0x0000043b       0x34 library.a(svcHandler.o)
 .ARM.attributes
                0x0000046f       0x34 library.a(system_stm32f4xx.o)
 .ARM.attributes
                0x000004a3       0x34 library.a(touch.o)
 .ARM.attributes
                0x000004d7       0x1f library.a(startup_stm32f429xx.o)
 .ARM.attributes
                0x000004f6       0x34 library.a(ili9341.o)
 .ARM.attributes
                0x0000052a       0x34 library.a(stm32f429i_discovery_ts.o)
 .ARM.attributes
                0x0000055e       0x34 library.a(stmpe811.o)
 .ARM.attributes
                0x00000592       0x34 y:/coen20/gcc/bin/../lib/gcc/arm-none-eabi/9.3.1/../../../../arm-none-eabi/lib/thumb/v7e-m+fp/hard\libm.a(lib_a-sf_cos.o)
 .ARM.attributes
                0x000005c6       0x34 y:/coen20/gcc/bin/../lib/gcc/arm-none-eabi/9.3.1/../../../../arm-none-eabi/lib/thumb/v7e-m+fp/hard\libm.a(lib_a-sf_sin.o)
 .ARM.attributes
                0x000005fa       0x34 y:/coen20/gcc/bin/../lib/gcc/arm-none-eabi/9.3.1/../../../../arm-none-eabi/lib/thumb/v7e-m+fp/hard\libm.a(lib_a-ef_rem_pio2.o)
 .ARM.attributes
                0x0000062e       0x34 y:/coen20/gcc/bin/../lib/gcc/arm-none-eabi/9.3.1/../../../../arm-none-eabi/lib/thumb/v7e-m+fp/hard\libm.a(lib_a-kf_cos.o)
 .ARM.attributes
                0x00000662       0x34 y:/coen20/gcc/bin/../lib/gcc/arm-none-eabi/9.3.1/../../../../arm-none-eabi/lib/thumb/v7e-m+fp/hard\libm.a(lib_a-kf_rem_pio2.o)
 .ARM.attributes
                0x00000696       0x34 y:/coen20/gcc/bin/../lib/gcc/arm-none-eabi/9.3.1/../../../../arm-none-eabi/lib/thumb/v7e-m+fp/hard\libm.a(lib_a-kf_sin.o)
 .ARM.attributes
                0x000006ca       0x34 y:/coen20/gcc/bin/../lib/gcc/arm-none-eabi/9.3.1/../../../../arm-none-eabi/lib/thumb/v7e-m+fp/hard\libm.a(lib_a-sf_fabs.o)
 .ARM.attributes
                0x000006fe       0x34 y:/coen20/gcc/bin/../lib/gcc/arm-none-eabi/9.3.1/../../../../arm-none-eabi/lib/thumb/v7e-m+fp/hard\libm.a(lib_a-sf_floor.o)
 .ARM.attributes
                0x00000732       0x34 y:/coen20/gcc/bin/../lib/gcc/arm-none-eabi/9.3.1/../../../../arm-none-eabi/lib/thumb/v7e-m+fp/hard\libm.a(lib_a-sf_scalbn.o)
 .ARM.attributes
                0x00000766       0x34 y:/coen20/gcc/bin/../lib/gcc/arm-none-eabi/9.3.1/../../../../arm-none-eabi/lib/thumb/v7e-m+fp/hard\libc.a(lib_a-exit.o)
 .ARM.attributes
                0x0000079a       0x32 y:/coen20/gcc/bin/../lib/gcc/arm-none-eabi/9.3.1/../../../../arm-none-eabi/lib/thumb/v7e-m+fp/hard\libc.a(lib_a-impure.o)
 .ARM.attributes
                0x000007cc       0x34 y:/coen20/gcc/bin/../lib/gcc/arm-none-eabi/9.3.1/../../../../arm-none-eabi/lib/thumb/v7e-m+fp/hard\libc.a(lib_a-init.o)
 .ARM.attributes
                0x00000800       0x1c y:/coen20/gcc/bin/../lib/gcc/arm-none-eabi/9.3.1/../../../../arm-none-eabi/lib/thumb/v7e-m+fp/hard\libc.a(lib_a-memcpy.o)
 .ARM.attributes
                0x0000081c       0x34 y:/coen20/gcc/bin/../lib/gcc/arm-none-eabi/9.3.1/../../../../arm-none-eabi/lib/thumb/v7e-m+fp/hard\libc.a(lib_a-memset.o)
 .ARM.attributes
                0x00000850       0x34 y:/coen20/gcc/bin/../lib/gcc/arm-none-eabi/9.3.1/../../../../arm-none-eabi/lib/thumb/v7e-m+fp/hard\libc.a(lib_a-qsort.o)
 .ARM.attributes
                0x00000884       0x34 y:/coen20/gcc/bin/../lib/gcc/arm-none-eabi/9.3.1/../../../../arm-none-eabi/lib/thumb/v7e-m+fp/hard\libc.a(lib_a-sprintf.o)
 .ARM.attributes
                0x000008b8       0x34 y:/coen20/gcc/bin/../lib/gcc/arm-none-eabi/9.3.1/../../../../arm-none-eabi/lib/thumb/v7e-m+fp/hard\libc.a(lib_a-strcpy.o)
 .ARM.attributes
                0x000008ec       0x1c y:/coen20/gcc/bin/../lib/gcc/arm-none-eabi/9.3.1/../../../../arm-none-eabi/lib/thumb/v7e-m+fp/hard\libc.a(lib_a-strlen.o)
 .ARM.attributes
                0x00000908       0x34 y:/coen20/gcc/bin/../lib/gcc/arm-none-eabi/9.3.1/../../../../arm-none-eabi/lib/thumb/v7e-m+fp/hard\libc.a(lib_a-svfprintf.o)
 .ARM.attributes
                0x0000093c       0x34 y:/coen20/gcc/bin/../lib/gcc/arm-none-eabi/9.3.1/../../../../arm-none-eabi/lib/thumb/v7e-m+fp/hard\libc.a(lib_a-vsprintf.o)
 .ARM.attributes
                0x00000970       0x34 y:/coen20/gcc/bin/../lib/gcc/arm-none-eabi/9.3.1/../../../../arm-none-eabi/lib/thumb/v7e-m+fp/hard\libc.a(lib_a-wsetup.o)
 .ARM.attributes
                0x000009a4       0x34 y:/coen20/gcc/bin/../lib/gcc/arm-none-eabi/9.3.1/../../../../arm-none-eabi/lib/thumb/v7e-m+fp/hard\libc.a(lib_a-__call_atexit.o)
 .ARM.attributes
                0x000009d8       0x34 y:/coen20/gcc/bin/../lib/gcc/arm-none-eabi/9.3.1/../../../../arm-none-eabi/lib/thumb/v7e-m+fp/hard\libc.a(lib_a-atexit.o)
 .ARM.attributes
                0x00000a0c       0x34 y:/coen20/gcc/bin/../lib/gcc/arm-none-eabi/9.3.1/../../../../arm-none-eabi/lib/thumb/v7e-m+fp/hard\libc.a(lib_a-dtoa.o)
 .ARM.attributes
                0x00000a40       0x34 y:/coen20/gcc/bin/../lib/gcc/arm-none-eabi/9.3.1/../../../../arm-none-eabi/lib/thumb/v7e-m+fp/hard\libc.a(lib_a-fflush.o)
 .ARM.attributes
                0x00000a74       0x34 y:/coen20/gcc/bin/../lib/gcc/arm-none-eabi/9.3.1/../../../../arm-none-eabi/lib/thumb/v7e-m+fp/hard\libc.a(lib_a-findfp.o)
 .ARM.attributes
                0x00000aa8       0x34 y:/coen20/gcc/bin/../lib/gcc/arm-none-eabi/9.3.1/../../../../arm-none-eabi/lib/thumb/v7e-m+fp/hard\libc.a(lib_a-fini.o)
 .ARM.attributes
                0x00000adc       0x34 y:/coen20/gcc/bin/../lib/gcc/arm-none-eabi/9.3.1/../../../../arm-none-eabi/lib/thumb/v7e-m+fp/hard\libc.a(lib_a-freer.o)
 .ARM.attributes
                0x00000b10       0x34 y:/coen20/gcc/bin/../lib/gcc/arm-none-eabi/9.3.1/../../../../arm-none-eabi/lib/thumb/v7e-m+fp/hard\libc.a(lib_a-fwalk.o)
 .ARM.attributes
                0x00000b44       0x34 y:/coen20/gcc/bin/../lib/gcc/arm-none-eabi/9.3.1/../../../../arm-none-eabi/lib/thumb/v7e-m+fp/hard\libc.a(lib_a-localeconv.o)
 .ARM.attributes
                0x00000b78       0x34 y:/coen20/gcc/bin/../lib/gcc/arm-none-eabi/9.3.1/../../../../arm-none-eabi/lib/thumb/v7e-m+fp/hard\libc.a(lib_a-lock.o)
 .ARM.attributes
                0x00000bac       0x34 y:/coen20/gcc/bin/../lib/gcc/arm-none-eabi/9.3.1/../../../../arm-none-eabi/lib/thumb/v7e-m+fp/hard\libc.a(lib_a-makebuf.o)
 .ARM.attributes
                0x00000be0       0x34 y:/coen20/gcc/bin/../lib/gcc/arm-none-eabi/9.3.1/../../../../arm-none-eabi/lib/thumb/v7e-m+fp/hard\libc.a(lib_a-mallocr.o)
 .ARM.attributes
                0x00000c14       0x1c y:/coen20/gcc/bin/../lib/gcc/arm-none-eabi/9.3.1/../../../../arm-none-eabi/lib/thumb/v7e-m+fp/hard\libc.a(lib_a-memchr.o)
 .ARM.attributes
                0x00000c30       0x34 y:/coen20/gcc/bin/../lib/gcc/arm-none-eabi/9.3.1/../../../../arm-none-eabi/lib/thumb/v7e-m+fp/hard\libc.a(lib_a-mlock.o)
 .ARM.attributes
                0x00000c64       0x34 y:/coen20/gcc/bin/../lib/gcc/arm-none-eabi/9.3.1/../../../../arm-none-eabi/lib/thumb/v7e-m+fp/hard\libc.a(lib_a-mprec.o)
 .ARM.attributes
                0x00000c98       0x34 y:/coen20/gcc/bin/../lib/gcc/arm-none-eabi/9.3.1/../../../../arm-none-eabi/lib/thumb/v7e-m+fp/hard\libc.a(lib_a-s_frexp.o)
 .ARM.attributes
                0x00000ccc       0x34 y:/coen20/gcc/bin/../lib/gcc/arm-none-eabi/9.3.1/../../../../arm-none-eabi/lib/thumb/v7e-m+fp/hard\libc.a(lib_a-sbrkr.o)
 .ARM.attributes
                0x00000d00       0x34 y:/coen20/gcc/bin/../lib/gcc/arm-none-eabi/9.3.1/../../../../arm-none-eabi/lib/thumb/v7e-m+fp/hard\libc.a(lib_a-stdio.o)
 .ARM.attributes
                0x00000d34       0x34 y:/coen20/gcc/bin/../lib/gcc/arm-none-eabi/9.3.1/../../../../arm-none-eabi/lib/thumb/v7e-m+fp/hard\libc.a(lib_a-strncpy.o)
 .ARM.attributes
                0x00000d68       0x34 y:/coen20/gcc/bin/../lib/gcc/arm-none-eabi/9.3.1/../../../../arm-none-eabi/lib/thumb/v7e-m+fp/hard\libc.a(lib_a-svfiprintf.o)
 .ARM.attributes
                0x00000d9c       0x34 y:/coen20/gcc/bin/../lib/gcc/arm-none-eabi/9.3.1/../../../../arm-none-eabi/lib/thumb/v7e-m+fp/hard\libc.a(lib_a-vfiprintf.o)
 .ARM.attributes
                0x00000dd0       0x34 y:/coen20/gcc/bin/../lib/gcc/arm-none-eabi/9.3.1/../../../../arm-none-eabi/lib/thumb/v7e-m+fp/hard\libc.a(lib_a-writer.o)
 .ARM.attributes
                0x00000e04       0x34 y:/coen20/gcc/bin/../lib/gcc/arm-none-eabi/9.3.1/../../../../arm-none-eabi/lib/thumb/v7e-m+fp/hard\libc.a(lib_a-__atexit.o)
 .ARM.attributes
                0x00000e38       0x34 y:/coen20/gcc/bin/../lib/gcc/arm-none-eabi/9.3.1/../../../../arm-none-eabi/lib/thumb/v7e-m+fp/hard\libc.a(lib_a-assert.o)
 .ARM.attributes
                0x00000e6c       0x34 y:/coen20/gcc/bin/../lib/gcc/arm-none-eabi/9.3.1/../../../../arm-none-eabi/lib/thumb/v7e-m+fp/hard\libc.a(lib_a-callocr.o)
 .ARM.attributes
                0x00000ea0       0x34 y:/coen20/gcc/bin/../lib/gcc/arm-none-eabi/9.3.1/../../../../arm-none-eabi/lib/thumb/v7e-m+fp/hard\libc.a(lib_a-closer.o)
 .ARM.attributes
                0x00000ed4       0x34 y:/coen20/gcc/bin/../lib/gcc/arm-none-eabi/9.3.1/../../../../arm-none-eabi/lib/thumb/v7e-m+fp/hard\libc.a(lib_a-fclose.o)
 .ARM.attributes
                0x00000f08       0x34 y:/coen20/gcc/bin/../lib/gcc/arm-none-eabi/9.3.1/../../../../arm-none-eabi/lib/thumb/v7e-m+fp/hard\libc.a(lib_a-fiprintf.o)
 .ARM.attributes
                0x00000f3c       0x34 y:/coen20/gcc/bin/../lib/gcc/arm-none-eabi/9.3.1/../../../../arm-none-eabi/lib/thumb/v7e-m+fp/hard\libc.a(lib_a-fputwc.o)
 .ARM.attributes
                0x00000f70       0x34 y:/coen20/gcc/bin/../lib/gcc/arm-none-eabi/9.3.1/../../../../arm-none-eabi/lib/thumb/v7e-m+fp/hard\libc.a(lib_a-fstatr.o)
 .ARM.attributes
                0x00000fa4       0x34 y:/coen20/gcc/bin/../lib/gcc/arm-none-eabi/9.3.1/../../../../arm-none-eabi/lib/thumb/v7e-m+fp/hard\libc.a(lib_a-fvwrite.o)
 .ARM.attributes
                0x00000fd8       0x34 y:/coen20/gcc/bin/../lib/gcc/arm-none-eabi/9.3.1/../../../../arm-none-eabi/lib/thumb/v7e-m+fp/hard\libc.a(lib_a-isattyr.o)
 .ARM.attributes
                0x0000100c       0x34 y:/coen20/gcc/bin/../lib/gcc/arm-none-eabi/9.3.1/../../../../arm-none-eabi/lib/thumb/v7e-m+fp/hard\libc.a(lib_a-locale.o)
 .ARM.attributes
                0x00001040       0x34 y:/coen20/gcc/bin/../lib/gcc/arm-none-eabi/9.3.1/../../../../arm-none-eabi/lib/thumb/v7e-m+fp/hard\libc.a(lib_a-lseekr.o)
 .ARM.attributes
                0x00001074       0x34 y:/coen20/gcc/bin/../lib/gcc/arm-none-eabi/9.3.1/../../../../arm-none-eabi/lib/thumb/v7e-m+fp/hard\libc.a(lib_a-mbtowc_r.o)
 .ARM.attributes
                0x000010a8       0x34 y:/coen20/gcc/bin/../lib/gcc/arm-none-eabi/9.3.1/../../../../arm-none-eabi/lib/thumb/v7e-m+fp/hard\libc.a(lib_a-memmove.o)
 .ARM.attributes
                0x000010dc       0x34 y:/coen20/gcc/bin/../lib/gcc/arm-none-eabi/9.3.1/../../../../arm-none-eabi/lib/thumb/v7e-m+fp/hard\libc.a(lib_a-readr.o)
 .ARM.attributes
                0x00001110       0x34 y:/coen20/gcc/bin/../lib/gcc/arm-none-eabi/9.3.1/../../../../arm-none-eabi/lib/thumb/v7e-m+fp/hard\libc.a(lib_a-reallocr.o)
 .ARM.attributes
                0x00001144       0x34 y:/coen20/gcc/bin/../lib/gcc/arm-none-eabi/9.3.1/../../../../arm-none-eabi/lib/thumb/v7e-m+fp/hard\libc.a(lib_a-reent.o)
 .ARM.attributes
                0x00001178       0x34 y:/coen20/gcc/bin/../lib/gcc/arm-none-eabi/9.3.1/../../../../arm-none-eabi/lib/thumb/v7e-m+fp/hard\libc.a(lib_a-wbuf.o)